       :-) GROMACS - gmx mdrun, 2027.0-dev-20260227-66c7ceb42d-dirty (-:

Copyright 1991-2027 The GROMACS Authors.
GROMACS is free software; you can redistribute it and/or modify it
under the terms of the GNU Lesser General Public License
as published by the Free Software Foundation; either version 2.1
of the License, or (at your option) any later version.

                         Current GROMACS contributors:
       Mark Abraham           Andrey Alekseenko           Brian Andrews       
        Paul Bauer              Cathrine Bergh              Hugh Bird         
      Eliane Briand               Ania Brown                Yiqi Chen         
      Mahesh Doijade            Giacomo Fiorin          Stefan Fleischmann    
      Sergey Gorelov         Gilles Gouaillardet            Alan Gray         
   Farzaneh Jalalypour         Petter Johansson          Carsten Kutzner      
    Grzegorz Łazarski         Justin A. Lemkul          Magnus Lundborg      
        Julio Maia               Pascal Merz             Vedran Miletić      
      Dmitry Morozov           Lukas Müllender           Szilárd Páll      
 Andrea Pasquadibisceglie     Michele Pellegrino         Nicola Piasentin     
     Daniele Rapetti         Muhammad Umair Sadiq         Hubert Santuz       
      Michael Shirts           Tatiana Shugaeva          Alexey Shvetsov      
     Bálint Soproni            Philip Turner            Alessandra Villa     
        Yang Zhang        

                         Previous GROMACS contributors:
        Emile Apol             Rossen Apostolov           James Barnett       
      Vladimir Basov        Herman J.C. Berendsen         Pär Bjelkmar       
      Christian Blau          Viacheslav Bolnykh            Kevin Boyd        
    Aldert van Buuren          Carlo Camilloni           Rudi van Drunen      
      Anton Feenstra           Oliver Fleetwood            Vytas Gapsys       
       Gaurav Garg             Gerrit Groenhof            Bert de Groot       
      Anca Hamuraru           Vincent Hindriksen          Victor Holanda      
     M. Eric Irrgang           Aleksei Iupinov              Joe Jordan        
    Christoph Junghans        Prashanth Kanduri        Dimitrios Karkoulis    
       Peter Kasson             Sebastian Kehl           Sebastian Keller     
        Jiri Kraus               Per Larsson              Viveca Lindahl      
      Erik Marklund           Pieter Meulenhoff           Teemu Murtola       
       Julien Nabet              Sander Pronk             Roland Schulz       
      Alfons Sijbers         David van der Spoel          Peter Tieleman      
      Carsten Uphoff             Jon Vincent             Teemu Virolainen     
    Christian Wennberg     Sebastian Wingbermühle         Maarten Wolf       
      Artem Zhmurov       

                  Coordinated by the GROMACS project leaders:
                           Berk Hess and Erik Lindahl

GROMACS:      gmx mdrun, version 2027.0-dev-20260227-66c7ceb42d-dirty
Executable:   /home/tapio/vault/repositories/gromacs-wts/PoCL-ACpp/build_acpp-8/install/bin/gmx
Data prefix:  /home/tapio/vault/repositories/gromacs-wts/PoCL-ACpp/build_acpp-8/install
Working dir:  /home/tapio/vault/repositories/GROMACS-Samples/OneDrive-2025-05-30/Benchmark_Inputs/Version_1
Process ID:   38267
Command line:
  gmx mdrun -s grappa-1536-pme.tpr -ntmpi 1 -ntomp 1 -pin on -nb cpu -pme cpu -bonded cpu -update cpu -nsteps 10 -nobackup -noconfout -notunepme -resethway -g /home/tapio/vault/repositories/GROMACS-Samples/ACpp-bench-LLVM22//grappa-1536/PME-HOST-R1 -v

GROMACS version:     2027.0-dev-20260227-66c7ceb42d-dirty
GIT SHA1 hash:       66c7ceb42d9dc58feab32aa311ae9bd97988194e (dirty)
Branched from:       e28f3837bd1abfa0f2ee11c14ad709027d759a3f (1 newer local commits)
Precision:           mixed
Memory model:        64 bit
MPI library:         thread_mpi
MPI version:         built in
OpenMP support:      disabled
GPU support:         SYCL (AdaptiveCpp)
NBNxM GPU setup:     super-cluster 2x2x2 / cluster 8 (cluster-pair splitting on)
SIMD instructions:   AVX2_128
CPU FFT library:     fftw-3.3.10-sse2-avx-avx2-avx2_128
GPU FFT library:     none / unknown
Multi-GPU FFT:       none
RDTSCP:              enabled
TNG support:         enabled
Hwloc support:       disabled
Tracing support:     disabled
Colvars support:     enabled (version 2025-10-13)
CP2K support:        disabled
Torch support:       disabled
Plumed support:      enabled
C compiler:          /usr/bin/cc GNU 13.3.0
C compiler flags:    -Wno-array-bounds -fexcess-precision=fast -funroll-all-loops -mavx2 -mfma -Wno-unknown-pragmas -Wall -Wno-unused -Wunused-value -Wunused-parameter -Wextra -Wno-sign-compare -Wpointer-arith -Wpedantic -Wundef -Werror=stringop-truncation -Wshadow -Wno-missing-field-initializers -O3 -DNDEBUG
C++ compiler:        /filedump/tapio/repositories/AdaptiveCpp/build_rpathed/install/bin/acpp Clang 20.1.8
C++ compiler flags:  -mavx2 -mfma -Wall -Wextra -Wpointer-arith -Wmissing-prototypes -Wpedantic -Wdeprecated -Wshadow-all -Wno-unused-function -Wno-unknown-pragmas -Wno-reserved-identifier -Wno-missing-field-initializers -Weverything -Wno-c++98-compat -Wno-c++98-compat-pedantic -Wno-source-uses-openmp -Wno-c++17-extensions -Wno-documentation-unknown-command -Wno-covered-switch-default -Wno-switch-enum -Wno-switch-default -Wno-extra-semi-stmt -Wno-weak-vtables -Wno-shadow -Wno-padded -Wno-reserved-id-macro -Wno-double-promotion -Wno-exit-time-destructors -Wno-global-constructors -Wno-documentation -Wno-format-nonliteral -Wno-used-but-marked-unused -Wno-float-equal -Wno-cuda-compat -Wno-conditional-uninitialized -Wno-conversion -Wno-disabled-macro-expansion -Wno-unused-macros -Wno-unsafe-buffer-usage -Wno-cast-function-type-strict -O3 -DNDEBUG
BLAS library:        External - detected on the system
LAPACK library:      External - detected on the system
SYCL version:        AdaptiveCpp 25.10.0+git.75d56089.20251219.branch.develop.dirty
SYCL compiler:       /filedump/tapio/repositories/AdaptiveCpp/build_rpathed/install/lib/cmake/AdaptiveCpp/syclcc-launcher
SYCL compiler flags: -Wno-unknown-cuda-version -Wno-unknown-attributes  --acpp-clang=/filedump/tapio/repositories/AdaptiveCpp/build_rpathed/install/bin/acpp
SYCL GPU flags:      -ffast-math -DHIPSYCL_ALLOW_INSTANT_SUBMISSION=1 -DACPP_ALLOW_INSTANT_SUBMISSION=1 -fgpu-inline-threshold=99999 -Wno-deprecated-declarations
SYCL targets:        


Running on 1 node with total 32 cores, 64 processing units, 1 compatible GPU
Hardware detected on host rtx01:
  CPU info:
    Vendor: AMD
    Brand:  AMD Ryzen Threadripper 2990WX 32-Core Processor
    Family: 23   Model: 8   Stepping: 2
    Features: aes amd apic avx avx2 clfsh cmov cx8 cx16 f16c fma htt lahf misalignsse mmx msr nonstop_tsc pclmuldq pdpe1gb popcnt pse rdrnd rdtscp sha sse2 sse3 sse4a sse4.1 sse4.2 ssse3
  Hardware topology: Basic
    Packages, cores, and logical processors:
    [indices refer to OS logical processors]
      Package  0: [   0   1] [   2   3] [   4   5] [   6   7] [   8   9] [  10  11] [  12  13] [  14  15] [  16  17] [  18  19] [  20  21] [  22  23] [  24  25] [  26  27] [  28  29] [  30  31] [  32  33] [  34  35] [  36  37] [  38  39] [  40  41] [  42  43] [  44  45] [  46  47] [  48  49] [  50  51] [  52  53] [  54  55] [  56  57] [  58  59] [  60  61] [  62  63]
    CPU limit set by OS: -1   Recommended max number of threads: 64
  GPU info:
    Number of GPUs detected: 2
    #0: name: AdaptiveCpp OpenMP host device, vendor: the AdaptiveCpp project, device version: <native-cpu>, driver version: 1.2, status: incompatible (please recompile with correct GMX_GPU_NB_CLUSTER_SIZE)
    #1: name: cpu-znver1-AMD Ryzen Threadripper 2990WX 32-Core Processor, vendor: cpu-znver1-AMD Ryzen Threadripper 2990WX 32-Core Processor, device version: OpenCL OpenCL C 1.2 PoCL, driver version: 7.2-pre loopvec-next-0-g17358acc8, status: compatible


++++ PLEASE READ AND CITE THE FOLLOWING REFERENCE ++++
M. J. Abraham, T. Murtola, R. Schulz, S. Páll, J. C. Smith, B. Hess, E.
Lindahl
GROMACS: High performance molecular simulations through multi-level
parallelism from laptops to supercomputers
SoftwareX (2015)
https://doi.org/10.1016/j.softx.2015.06.001
-------- -------- --- Thank You --- -------- --------


++++ PLEASE READ AND CITE THE FOLLOWING REFERENCE ++++
S. Páll, M. J. Abraham, C. Kutzner, B. Hess, E. Lindahl
Tackling Exascale Software Challenges in Molecular Dynamics Simulations with
GROMACS
In S. Markidis & E. Laure (Eds.), Solving Software Challenges for Exascale (2015)
https://doi.org/10.1007/978-3-319-15976-8_1
-------- -------- --- Thank You --- -------- --------


++++ PLEASE READ AND CITE THE FOLLOWING REFERENCE ++++
S. Pronk, S. Páll, R. Schulz, P. Larsson, P. Bjelkmar, R. Apostolov, M. R.
Shirts, J. C. Smith, P. M. Kasson, D. van der Spoel, B. Hess, E. Lindahl
GROMACS 4.5: a high-throughput and highly parallel open source molecular
simulation toolkit
Bioinformatics (2013)
https://doi.org/10.1093/bioinformatics/btt055
-------- -------- --- Thank You --- -------- --------


++++ PLEASE READ AND CITE THE FOLLOWING REFERENCE ++++
B. Hess, C. Kutzner, D. van der Spoel, E. Lindahl
GROMACS 4: Algorithms for highly efficient, load-balanced, and scalable
molecular simulation
J. Chem. Theory Comput. (2008)
https://doi.org/10.1021/ct700301q
-------- -------- --- Thank You --- -------- --------


++++ PLEASE READ AND CITE THE FOLLOWING REFERENCE ++++
D. van der Spoel, E. Lindahl, B. Hess, G. Groenhof, A. E. Mark, H. J. C.
Berendsen
GROMACS: Fast, Flexible and Free
J. Comp. Chem. (2005)
https://doi.org/10.1002/jcc.20291
-------- -------- --- Thank You --- -------- --------


++++ PLEASE READ AND CITE THE FOLLOWING REFERENCE ++++
E. Lindahl, B. Hess, D. van der Spoel
GROMACS 3.0: A package for molecular simulation and trajectory analysis
J. Mol. Mod. (2001)
https://doi.org/10.1007/s008940100045
-------- -------- --- Thank You --- -------- --------


++++ PLEASE READ AND CITE THE FOLLOWING REFERENCE ++++
H. J. C. Berendsen, D. van der Spoel and R. van Drunen
GROMACS: A message-passing parallel molecular dynamics implementation
Comp. Phys. Comm. (1995)
https://doi.org/10.1016/0010-4655(95)00042-E
-------- -------- --- Thank You --- -------- --------

Input Parameters:
   integrator                     = md
   tinit                          = 0
   dt                             = 0.002
   nsteps                         = 10000
   init-step                      = 0
   simulation-part                = 1
   mts                            = false
   mass-repartition-factor        = 1
   comm-mode                      = Linear
   nstcomm                        = 100
   bd-fric                        = 0
   ld-seed                        = -201556993
   emtol                          = 10
   emstep                         = 0.01
   niter                          = 20
   fcstep                         = 0
   nstcgsteep                     = 1000
   nbfgscorr                      = 10
   rtpi                           = 0.05
   nstxout                        = 0
   nstvout                        = 0
   nstfout                        = 0
   nstlog                         = 0
   nstcalcenergy                  = 500
   nstenergy                      = 500
   nstxout-compressed             = 0
   compressed-x-precision         = 1000
   cutoff-scheme                  = Verlet
   nstlist                        = 10
   pbc                            = xyz
   periodic-molecules             = false
   verlet-buffer-tolerance        = 0.005
   verlet-buffer-pressure-tolerance = 0.5
   rlist                          = 0.903
   coulombtype                    = PME
   coulomb-modifier               = Potential-shift
   rcoulomb-switch                = 0
   rcoulomb                       = 0.9
   epsilon-r                      = 1
   epsilon-rf                     = inf
   vdw-type                       = Cut-off
   vdw-modifier                   = Potential-shift
   rvdw-switch                    = 0
   rvdw                           = 0.9
   DispCorr                       = No
   table-extension                = 1
   fourierspacing                 = 0.1125
   fourier-nx                     = 384
   fourier-ny                     = 192
   fourier-nz                     = 192
   pme-order                      = 4
   ewald-rtol                     = 1e-05
   ewald-rtol-lj                  = 0.001
   lj-pme-comb-rule               = Geometric
   ewald-geometry                 = 3d
   epsilon-surface                = 0
   ensemble-temperature-setting   = constant
   ensemble-temperature           = 300
   tcoupl                         = V-rescale
   nsttcouple                     = 100
   nh-chain-length                = 0
   print-nose-hoover-chain-variables = false
   pcoupl                         = No
   refcoord-scaling               = No
   posres-com (0x3):
   posres-comB (0x3):
   QMMM                           = false
qm-opts:
   ngQM                           = 0
   constraint-algorithm           = Lincs
   continuation                   = false
   Shake-SOR                      = false
   shake-tol                      = 0.0001
   lincs-order                    = 4
   lincs-iter                     = 1
   lincs-warnangle                = 30
   nwall                          = 0
   wall-type                      = 9-3
   wall-r-linpot                  = -1
   wall-atomtype[0]               = -1
   wall-atomtype[1]               = -1
   wall-density[0]                = 0
   wall-density[1]                = 0
   wall-ewald-zfac                = 3
   pull                           = false
   awh                            = false
   rotation                       = false
   interactiveMD                  = false
   disre                          = No
   disre-weighting                = Conservative
   disre-mixed                    = false
   dr-fc                          = 1000
   dr-tau                         = 0
   nstdisreout                    = 100
   orire-fc                       = 0
   orire-tau                      = 0
   nstorireout                    = 100
   free-energy                    = no
   cos-acceleration               = 0
   deform (3x3):
      deform[    0]={ 0.00000e+00,  0.00000e+00,  0.00000e+00}
      deform[    1]={ 0.00000e+00,  0.00000e+00,  0.00000e+00}
      deform[    2]={ 0.00000e+00,  0.00000e+00,  0.00000e+00}
   simulated-tempering            = false
   swapcoords                     = no
   userint1                       = 0
   userint2                       = 0
   userint3                       = 0
   userint4                       = 0
   userreal1                      = 0
   userreal2                      = 0
   userreal3                      = 0
   userreal4                      = 0
   applied-forces:
     electric-field:
       x:
         E0                       = 0
         omega                    = 0
         t0                       = 0
         sigma                    = 0
       y:
         E0                       = 0
         omega                    = 0
         t0                       = 0
         sigma                    = 0
       z:
         E0                       = 0
         omega                    = 0
         t0                       = 0
         sigma                    = 0
     density-guided-simulation:
       active                     = false
       group                      = protein
       similarity-measure         = inner-product
       atom-spreading-weight      = unity
       force-constant             = 1e+09
       gaussian-transform-spreading-width = 0.2
       gaussian-transform-spreading-range-in-multiples-of-width = 4
       reference-density-filename = reference.mrc
       nst                        = 1
       normalize-densities        = true
       adaptive-force-scaling     = false
       adaptive-force-scaling-time-constant = 4
       shift-vector               = 
       transformation-matrix      = 
     qmmm-cp2k:
       active                     = false
       qmgroup                    = System
       qmmethod                   = PBE
       qmfilenames                = 
       qmcharge                   = 0
       qmmultiplicity             = 1
     colvars:
       active                     = false
       configfile                 = 
       seed                       = -1
grpopts:
   nrdf:  3.1488e+06
   ref-t:         300
   tau-t:           1
annealing:          No
annealing-npoints:           0
   acc:	           0           0           0
   nfreeze:           N           N           N
   energygrp-flags[  0]: 0

The -nsteps functionality is deprecated, and may be removed in a future version. Consider using gmx convert-tpr -nsteps or changing the appropriate .mdp file field.

Overriding nsteps with value passed on the command line: 10 steps, 0.02 ps
Changing nstlist from 10 to 40, rlist from 0.903 to 0.996


Initializing Domain Decomposition on 1 ranks
Dynamic load balancing: auto
Using update groups, nr 512000, average size 3.0 atoms, max. radius 0.103 nm
Minimum cell size due to atom displacement: 0.378 nm
Initial maximum distances in bonded interactions:
    two-body bonded interactions: 0.350 nm, LJ-14, atoms 70915 70919
  multi-body bonded interactions: 0.350 nm, Ryckaert-Bell., atoms 70915 70919
Minimum cell size due to bonded interactions: 0.385 nm
Using 0 separate PME ranks because: there are too few total ranks for efficient splitting
Optimizing the DD grid for 1 cells with a minimum initial size of 0.385 nm
The maximum allowed number of cells is: X 102 Y 51 Z 51
Domain decomposition grid 1 x 1 x 1, separate PME ranks 0
PME domain decomposition: 1 x 1 x 1

The initial number of communication pulses is:
The initial domain decomposition cell size is:

The maximum allowed distance for atom groups involved in interactions is:
                 non-bonded interactions           1.203 nm
            two-body bonded interactions  (-rdd)   1.203 nm
          multi-body bonded interactions  (-rdd)   1.203 nm

When dynamic load balancing gets turned on, these settings will change to:
The maximum number of communication pulses is:
The minimum size for domain decomposition cells is 1.203 nm
The requested allowed shrink of DD cells (option -dds) is: 0.80
The allowed shrink of domain decomposition cells is:
The maximum allowed distance for atom groups involved in interactions is:
                 non-bonded interactions           1.203 nm
            two-body bonded interactions  (-rdd)   1.203 nm
          multi-body bonded interactions  (-rdd)   1.203 nm

Local state does not use filler particles

Using 1 MPI thread
System total charge: -0.001
Will do PME sum in reciprocal space for electrostatic interactions.

++++ PLEASE READ AND CITE THE FOLLOWING REFERENCE ++++
U. Essmann, L. Perera, M. L. Berkowitz, T. Darden, H. Lee, L. G. Pedersen 
A smooth particle mesh Ewald method
J. Chem. Phys. (1995)
https://doi.org/10.1063/1.470117
-------- -------- --- Thank You --- -------- --------

Using a Gaussian width (1/beta) of 0.288146 nm for Ewald
Potential shift: LJ r^-12: -3.541e+00 r^-6: -1.882e+00, Ewald -1.111e-05
Initialized non-bonded Coulomb Ewald tables, spacing: 8.85e-04 size: 1018

Generated table with 998 data points for 1-4 COUL.
Tabscale = 500 points/nm
Generated table with 998 data points for 1-4 LJ6.
Tabscale = 500 points/nm
Generated table with 998 data points for 1-4 LJ12.
Tabscale = 500 points/nm


Using SIMD4xM 4x4 nonbonded short-range kernels

Using a dual 4x4 pair-list setup updated with dynamic pruning:
  outer list: updated every 40 steps, buffer 0.096 nm, rlist 0.996 nm
  inner list: updated every  6 steps, buffer 0.001 nm, rlist 0.901 nm
At tolerance 0.005 kJ/mol/ps per atom, equivalent classical 1x1 list would be:
  outer list: updated every 40 steps, buffer 0.210 nm, rlist 1.110 nm
  inner list: updated every  6 steps, buffer 0.013 nm, rlist 0.913 nm

The average pressure is off by at most 0.43 bar due to missing LJ interactions

Using Geometric Lennard-Jones combination rule
Removing pbc first time

Linking all bonded interactions to atoms


Pinning threads with an auto-selected logical cpu stride of 2

Initializing LINear Constraint Solver

++++ PLEASE READ AND CITE THE FOLLOWING REFERENCE ++++
B. Hess, H. Bekker, H. J. C. Berendsen, J. G. E. M. Fraaije
LINCS: A Linear Constraint Solver for molecular simulations
J. Comp. Chem. (1997)
https://doi.org/10.1002/(sici)1096-987x(199709)18:12<1463::aid-jcc4>3.0.co;2-h
-------- -------- --- Thank You --- -------- --------

The number of constraints is 153600

++++ PLEASE READ AND CITE THE FOLLOWING REFERENCE ++++
S. Miyamoto, P. A. Kollman
SETTLE: An Analytical Version of the SHAKE and RATTLE Algorithms for Rigid
Water Models
J. Comp. Chem. (1992)
https://doi.org/10.1002/jcc.540130805
-------- -------- --- Thank You --- -------- --------


The -noconfout functionality is deprecated, and may be removed in a future version.

++++ PLEASE READ AND CITE THE FOLLOWING REFERENCE ++++
G. Bussi, D. Donadio, M. Parrinello
Canonical sampling through velocity rescaling
J. Chem. Phys. (2007)
https://doi.org/10.1063/1.2408420
-------- -------- --- Thank You --- -------- --------

There are: 1536000 Atoms

Atom distribution over 1 domains: av 1536000 stddev 0 min 1536000 max 1536000

Constraining the starting coordinates (step 0)

Constraining the coordinates at t0-dt (step 0)
Center of mass motion removal mode is Linear
We have the following groups for center of mass motion removal:
  0:  rest
RMS relative constraint deviation after constraining: 8.29e-06
Initial temperature: 298.504 K

Started mdrun on rank 0 Fri Mar 13 10:58:29 2026


The -resethway functionality is deprecated, and may be removed in a future version.
           Step           Time
              0        0.00000

   Energies (kJ/mol)
           Bond          Angle Ryckaert-Bell.          LJ-14     Coulomb-14
    5.24494e+04    2.91845e+05    5.69689e+04    1.52782e+04   -7.00468e+05
        LJ (SR)   Coulomb (SR)   Coul. recip.      Potential    Kinetic En.
    3.73063e+06   -2.41172e+07    1.87364e+05   -2.04832e+07    3.89502e+06
   Total Energy  Conserved En.    Temperature Pressure (bar)   Constr. rmsd
   -1.65881e+07   -1.65881e+07    2.97550e+02    3.61624e+01    8.39442e-06


step 5: resetting all time and cycle counters
Restarted time on rank 0 Fri Mar 13 10:58:40 2026

           Step           Time
             10        0.02000

   Energies (kJ/mol)
           Bond          Angle Ryckaert-Bell.          LJ-14     Coulomb-14
    4.98809e+04    3.24566e+05    6.78880e+04    1.18836e+04   -6.94094e+05
        LJ (SR)   Coulomb (SR)   Coul. recip.      Potential    Kinetic En.
    3.62030e+06   -2.41134e+07    1.92225e+05   -2.05408e+07    3.95962e+06
   Total Energy  Conserved En.    Temperature Pressure (bar)   Constr. rmsd
   -1.65812e+07   -1.65880e+07    3.02485e+02   -4.06483e+02    8.08764e-06


Energy conservation over simulation part #1 of length 0.02 ps, time 0 to 0.02 ps
  Conserved energy drift: 3.32e-03 kJ/mol/ps per atom


	<======  ###############  ==>
	<====  A V E R A G E S  ====>
	<==  ###############  ======>

	Statistics over 11 steps using 1 frames

   Energies (kJ/mol)
           Bond          Angle Ryckaert-Bell.          LJ-14     Coulomb-14
    5.24494e+04    2.91845e+05    5.69689e+04    1.52782e+04   -7.00468e+05
        LJ (SR)   Coulomb (SR)   Coul. recip.      Potential    Kinetic En.
    3.73063e+06   -2.41172e+07    1.87364e+05   -2.04832e+07    3.89502e+06
   Total Energy  Conserved En.    Temperature Pressure (bar)   Constr. rmsd
   -1.65881e+07   -1.65881e+07    2.97550e+02    3.61624e+01    0.00000e+00

   Total Virial (kJ/mol)
    1.17422e+06   -4.19470e+04   -1.40256e+05
   -4.18272e+04    1.17612e+06    2.37074e+05
   -1.40007e+05    2.37129e+05    1.49458e+06

   Pressure (bar)
    3.08895e+02    1.72528e+02    4.58483e+02
    1.72268e+02    1.70758e+02   -4.89684e+02
    4.57943e+02   -4.89802e+02   -3.71166e+02


	M E G A - F L O P S   A C C O U N T I N G

 NB=Group-cutoff nonbonded kernels    NxN=N-by-N cluster Verlet kernels
 RF=Reaction-Field  VdW=Van der Waals  QSTab=quadratic-spline table
 W3=SPC/TIP3p  W4=TIP4p (single or pairs)
 V&F=Potential and force  V=Potential only  F=Force only

 Computing:                               M-Number         M-Flops  % Flops
-----------------------------------------------------------------------------
 NxN QSTab Elec. + LJ [F]              1622.113680       66506.661    36.9
 NxN QSTab Elec. + LJ [V&F]             324.422736       19140.941    10.6
 NxN QSTab Elec. [F]                   1226.004880       41684.166    23.1
 NxN QSTab Elec. [V&F]                  245.200976       10053.240     5.6
 1,4 nonbonded interactions               1.843200         165.888     0.1
 Calc Weights                            27.648000         995.328     0.6
 Spread Q Bspline                       589.824000        1179.648     0.7
 Gather F Bspline                       589.824000        3538.944     2.0
 3D-FFT                                4035.226512       32281.812    17.9
 Solve PME                               42.909696        2746.221     1.5
 Bonds                                    0.307200          18.125     0.0
 Angles                                   1.996800         335.462     0.2
 RB-Dihedrals                             1.843200         455.270     0.3
 Virial                                   1.536045          27.649     0.0
 Calc-Ekin                                3.072000          82.944     0.0
 Lincs                                    0.921600          55.296     0.0
 Lincs-Mat                                7.372800          29.491     0.0
 Constraint-V                             9.676800          87.091     0.0
 Constraint-Vir                           1.459200          35.021     0.0
 Settle                                   2.611200         966.144     0.5
-----------------------------------------------------------------------------
 Total                                                  180385.342   100.0
-----------------------------------------------------------------------------


    D O M A I N   D E C O M P O S I T I O N   S T A T I S T I C S

 av. #atoms communicated per step for force:  2 x -nan


      R E A L   C Y C L E   A N D   T I M E   A C C O U N T I N G

On 1 MPI rank

 Activity:              Num   Num      Call    Wall time         Giga-Cycles
                        Ranks Threads  Count      (s)         total sum    %
--------------------------------------------------------------------------------
 Force                     1    1          6       7.098         21.293  73.3
 PME mesh                  1    1          6       2.330          6.989  24.1
 NB X/F buffer ops.        1    1         12       0.034          0.102   0.4
 Update                    1    1          6       0.042          0.126   0.4
 Constraints               1    1          6       0.156          0.467   1.6
 Kinetic energy            1    1          2       0.013          0.039   0.1
 Rest                                              0.008          0.024   0.1
--------------------------------------------------------------------------------
 Total                                             9.681         29.042 100.0
--------------------------------------------------------------------------------
 Breakdown of PME mesh activities
--------------------------------------------------------------------------------
 PME spread                1    1          6       0.601          1.804   6.2
 PME gather                1    1          6       0.622          1.865   6.4
 PME 3D-FFT                1    1         12       0.954          2.860   9.8
 PME solve Elec            1    1          6       0.153          0.459   1.6
--------------------------------------------------------------------------------

               Core t (s)   Wall t (s)        (%)
       Time:        9.680        9.681      100.0
                 (ns/day)    (hour/ns)    (ms/step)  (Matom*steps/s) 
Performance:        0.107      224.088     1613.432            0.952 
Finished mdrun on rank 0 Fri Mar 13 10:58:49 2026

