      :-) GROMACS - gmx mdrun, 2027.0-dev-20260313-96057cfc41-unknown (-:

Copyright 1991-2027 The GROMACS Authors.
GROMACS is free software; you can redistribute it and/or modify it
under the terms of the GNU Lesser General Public License
as published by the Free Software Foundation; either version 2.1
of the License, or (at your option) any later version.

                         Current GROMACS contributors:
       Mark Abraham           Andrey Alekseenko           Brian Andrews       
        Paul Bauer              Cathrine Bergh              Hugh Bird         
      Eliane Briand               Ania Brown                Yiqi Chen         
      Mahesh Doijade            Giacomo Fiorin          Stefan Fleischmann    
      Sergey Gorelov         Gilles Gouaillardet            Alan Gray         
   Farzaneh Jalalypour         Petter Johansson          Carsten Kutzner      
    Grzegorz Łazarski         Justin A. Lemkul          Magnus Lundborg      
        Julio Maia               Pascal Merz             Vedran Miletić      
      Dmitry Morozov           Lukas Müllender           Szilárd Páll      
 Andrea Pasquadibisceglie     Michele Pellegrino         Nicola Piasentin     
     Daniele Rapetti         Muhammad Umair Sadiq         Hubert Santuz       
      Michael Shirts           Tatiana Shugaeva          Alexey Shvetsov      
     Bálint Soproni            Philip Turner            Alessandra Villa     
        Yang Zhang        

                         Previous GROMACS contributors:
        Emile Apol             Rossen Apostolov           James Barnett       
      Vladimir Basov        Herman J.C. Berendsen         Pär Bjelkmar       
      Christian Blau          Viacheslav Bolnykh            Kevin Boyd        
    Aldert van Buuren          Carlo Camilloni           Rudi van Drunen      
      Anton Feenstra           Oliver Fleetwood            Vytas Gapsys       
       Gaurav Garg             Gerrit Groenhof            Bert de Groot       
      Anca Hamuraru           Vincent Hindriksen          Victor Holanda      
     M. Eric Irrgang           Aleksei Iupinov              Joe Jordan        
    Christoph Junghans        Prashanth Kanduri        Dimitrios Karkoulis    
       Peter Kasson             Sebastian Kehl           Sebastian Keller     
        Jiri Kraus               Per Larsson              Viveca Lindahl      
      Erik Marklund           Pieter Meulenhoff           Teemu Murtola       
       Julien Nabet              Sander Pronk             Roland Schulz       
      Alfons Sijbers         David van der Spoel          Peter Tieleman      
      Carsten Uphoff             Jon Vincent             Teemu Virolainen     
    Christian Wennberg     Sebastian Wingbermühle         Maarten Wolf       
      Artem Zhmurov       

                  Coordinated by the GROMACS project leaders:
                           Berk Hess and Erik Lindahl

GROMACS:      gmx mdrun, version 2027.0-dev-20260313-96057cfc41-unknown
Executable:   /home/tapio/milkv-vault/repositories/gromacs-wts/PoCL-ACpp/build_acpp_simd_enable_v2/install/bin/gmx
Data prefix:  /home/tapio/milkv-vault/repositories/gromacs-wts/PoCL-ACpp/build_acpp_simd_enable_v2/install
Working dir:  /home/tapio/milkv-vault/repositories/GROMACS-Samples/OneDrive-2025-05-30/Benchmark_Inputs/Version_1
Process ID:   6110
Command line:
  gmx mdrun -s grappa-1536-rf.tpr -ntmpi 1 -ntomp 1 -pin on -nb gpu -bonded cpu -update cpu -nsteps 2 -nobackup -noconfout -resethway -g /home/tapio/milkv-vault/repositories/GROMACS-Samples/ACpp-bench-LLVM-19-Neptune/grappa-1536/RF-pGPU-R1 -v

GROMACS version:     2027.0-dev-20260313-96057cfc41-unknown
GIT SHA1 hash:       96057cfc4106faf022ac519112c851bb73279efa
Branched from:       unknown
Precision:           mixed
Memory model:        64 bit
MPI library:         thread_mpi
MPI version:         built in
OpenMP support:      disabled
GPU support:         SYCL (AdaptiveCpp)
NBNxM GPU setup:     super-cluster 2x2x2 / cluster 8 (cluster-pair splitting on)
SIMD instructions:   None
CPU FFT library:     fftw-3.3.10
GPU FFT library:     none / unknown
Multi-GPU FFT:       none
TNG support:         enabled
Hwloc support:       disabled
Tracing support:     disabled
Colvars support:     enabled (version 2025-10-13)
CP2K support:        disabled
Torch support:       disabled
Plumed support:      enabled
C compiler:          /usr/bin/clang-19 Clang 19.1.1
C compiler flags:    -Wno-unknown-pragmas -Wall -Wno-unused -Wunused-value -Wunused-parameter -Wpointer-arith -Wshadow-all -Wno-missing-field-initializers -O3 -DNDEBUG
C++ compiler:        /home/tapio/milkv-vault/repositories/AdaptiveCpp-wts/disable-optimizations/build-llvm19/install/bin/acpp Clang 19.1.1
C++ compiler flags:  -Wall -Wextra -Wpointer-arith -Wmissing-prototypes -Wpedantic -Wdeprecated -Wshadow-all -Wno-unused-function -Wno-unknown-pragmas -Wno-reserved-identifier -Wno-missing-field-initializers -Weverything -Wno-c++98-compat -Wno-c++98-compat-pedantic -Wno-source-uses-openmp -Wno-c++17-extensions -Wno-documentation-unknown-command -Wno-covered-switch-default -Wno-switch-enum -Wno-switch-default -Wno-extra-semi-stmt -Wno-weak-vtables -Wno-shadow -Wno-padded -Wno-reserved-id-macro -Wno-double-promotion -Wno-exit-time-destructors -Wno-global-constructors -Wno-documentation -Wno-format-nonliteral -Wno-used-but-marked-unused -Wno-float-equal -Wno-cuda-compat -Wno-conditional-uninitialized -Wno-conversion -Wno-disabled-macro-expansion -Wno-unused-macros -Wno-unsafe-buffer-usage -Wno-cast-function-type-strict -O3 -DNDEBUG
BLAS library:        Internal
LAPACK library:      Internal
SYCL version:        AdaptiveCpp 25.10.0+git.50c4c5e7.20260220.branch.disable-optimizations
SYCL compiler:       /home/tapio/milkv-vault/repositories/AdaptiveCpp-wts/disable-optimizations/build-llvm19/install/lib/cmake/AdaptiveCpp/syclcc-launcher
SYCL compiler flags: -Wno-unknown-cuda-version -Wno-unknown-attributes  --acpp-clang=/home/tapio/milkv-vault/repositories/AdaptiveCpp-wts/disable-optimizations/build-llvm19/install/bin/acpp
SYCL GPU flags:      -ffast-math -DHIPSYCL_ALLOW_INSTANT_SUBMISSION=1 -DACPP_ALLOW_INSTANT_SUBMISSION=1 -fgpu-inline-threshold=99999 -Wno-deprecated-declarations
SYCL targets:        


Running on 1 node with total 4 cores, 8 processing units, 1 compatible GPU
Hardware detected on host neptune:
  CPU info:
    Vendor: RISC-V 64
    Brand:  Unknown CPU brand
    Family: 0   Model: 0   Stepping: 0
    Features:
  Hardware topology: Basic
    Packages, cores, and logical processors:
    [indices refer to OS logical processors]
      Package  0: [   0   4] [   1   5] [   2   6] [   3   7]
    CPU limit set by OS: -1   Recommended max number of threads: 8
  GPU info:
    Number of GPUs detected: 2
    #0: name: AdaptiveCpp OpenMP host device, vendor: the AdaptiveCpp project, device version: <native-cpu>, driver version: 1.2, status: incompatible (please recompile with correct GMX_GPU_NB_CLUSTER_SIZE)
    #1: name: cpu-spacemit-x60-Spacemit(R) X60, vendor: cpu-spacemit-x60-Spacemit(R) X60, device version: OpenCL OpenCL C 1.2 PoCL, driver version: 7.2-pre loopvec-next-0-g7d8964833, status: compatible


++++ PLEASE READ AND CITE THE FOLLOWING REFERENCE ++++
M. J. Abraham, T. Murtola, R. Schulz, S. Páll, J. C. Smith, B. Hess, E.
Lindahl
GROMACS: High performance molecular simulations through multi-level
parallelism from laptops to supercomputers
SoftwareX (2015)
https://doi.org/10.1016/j.softx.2015.06.001
-------- -------- --- Thank You --- -------- --------


++++ PLEASE READ AND CITE THE FOLLOWING REFERENCE ++++
S. Páll, M. J. Abraham, C. Kutzner, B. Hess, E. Lindahl
Tackling Exascale Software Challenges in Molecular Dynamics Simulations with
GROMACS
In S. Markidis & E. Laure (Eds.), Solving Software Challenges for Exascale (2015)
https://doi.org/10.1007/978-3-319-15976-8_1
-------- -------- --- Thank You --- -------- --------


++++ PLEASE READ AND CITE THE FOLLOWING REFERENCE ++++
S. Pronk, S. Páll, R. Schulz, P. Larsson, P. Bjelkmar, R. Apostolov, M. R.
Shirts, J. C. Smith, P. M. Kasson, D. van der Spoel, B. Hess, E. Lindahl
GROMACS 4.5: a high-throughput and highly parallel open source molecular
simulation toolkit
Bioinformatics (2013)
https://doi.org/10.1093/bioinformatics/btt055
-------- -------- --- Thank You --- -------- --------


++++ PLEASE READ AND CITE THE FOLLOWING REFERENCE ++++
B. Hess, C. Kutzner, D. van der Spoel, E. Lindahl
GROMACS 4: Algorithms for highly efficient, load-balanced, and scalable
molecular simulation
J. Chem. Theory Comput. (2008)
https://doi.org/10.1021/ct700301q
-------- -------- --- Thank You --- -------- --------


++++ PLEASE READ AND CITE THE FOLLOWING REFERENCE ++++
D. van der Spoel, E. Lindahl, B. Hess, G. Groenhof, A. E. Mark, H. J. C.
Berendsen
GROMACS: Fast, Flexible and Free
J. Comp. Chem. (2005)
https://doi.org/10.1002/jcc.20291
-------- -------- --- Thank You --- -------- --------


++++ PLEASE READ AND CITE THE FOLLOWING REFERENCE ++++
E. Lindahl, B. Hess, D. van der Spoel
GROMACS 3.0: A package for molecular simulation and trajectory analysis
J. Mol. Mod. (2001)
https://doi.org/10.1007/s008940100045
-------- -------- --- Thank You --- -------- --------


++++ PLEASE READ AND CITE THE FOLLOWING REFERENCE ++++
H. J. C. Berendsen, D. van der Spoel and R. van Drunen
GROMACS: A message-passing parallel molecular dynamics implementation
Comp. Phys. Comm. (1995)
https://doi.org/10.1016/0010-4655(95)00042-E
-------- -------- --- Thank You --- -------- --------

Input Parameters:
   integrator                     = md
   tinit                          = 0
   dt                             = 0.002
   nsteps                         = 10000
   init-step                      = 0
   simulation-part                = 1
   mts                            = false
   mass-repartition-factor        = 1
   comm-mode                      = Linear
   nstcomm                        = 100
   bd-fric                        = 0
   ld-seed                        = -1229463566
   emtol                          = 10
   emstep                         = 0.01
   niter                          = 20
   fcstep                         = 0
   nstcgsteep                     = 1000
   nbfgscorr                      = 10
   rtpi                           = 0.05
   nstxout                        = 0
   nstvout                        = 0
   nstfout                        = 0
   nstlog                         = 0
   nstcalcenergy                  = 500
   nstenergy                      = 500
   nstxout-compressed             = 0
   compressed-x-precision         = 1000
   cutoff-scheme                  = Verlet
   nstlist                        = 10
   pbc                            = xyz
   periodic-molecules             = false
   verlet-buffer-tolerance        = 0.005
   verlet-buffer-pressure-tolerance = 0.5
   rlist                          = 0.967
   coulombtype                    = Reaction-Field
   coulomb-modifier               = Potential-shift
   rcoulomb-switch                = 0
   rcoulomb                       = 0.9
   epsilon-r                      = 1
   epsilon-rf                     = inf
   vdw-type                       = Cut-off
   vdw-modifier                   = Potential-shift
   rvdw-switch                    = 0
   rvdw                           = 0.9
   DispCorr                       = No
   table-extension                = 1
   fourierspacing                 = 0.12
   fourier-nx                     = 0
   fourier-ny                     = 0
   fourier-nz                     = 0
   pme-order                      = 4
   ewald-rtol                     = 1e-05
   ewald-rtol-lj                  = 0.001
   lj-pme-comb-rule               = Geometric
   ewald-geometry                 = 3d
   epsilon-surface                = 0
   ensemble-temperature-setting   = constant
   ensemble-temperature           = 300
   tcoupl                         = V-rescale
   nsttcouple                     = 100
   nh-chain-length                = 0
   print-nose-hoover-chain-variables = false
   pcoupl                         = No
   refcoord-scaling               = No
   posres-com (0x3):
   posres-comB (0x3):
   QMMM                           = false
qm-opts:
   ngQM                           = 0
   constraint-algorithm           = Lincs
   continuation                   = false
   Shake-SOR                      = false
   shake-tol                      = 0.0001
   lincs-order                    = 4
   lincs-iter                     = 1
   lincs-warnangle                = 30
   nwall                          = 0
   wall-type                      = 9-3
   wall-r-linpot                  = -1
   wall-atomtype[0]               = -1
   wall-atomtype[1]               = -1
   wall-density[0]                = 0
   wall-density[1]                = 0
   wall-ewald-zfac                = 3
   pull                           = false
   awh                            = false
   rotation                       = false
   interactiveMD                  = false
   disre                          = No
   disre-weighting                = Conservative
   disre-mixed                    = false
   dr-fc                          = 1000
   dr-tau                         = 0
   nstdisreout                    = 100
   orire-fc                       = 0
   orire-tau                      = 0
   nstorireout                    = 100
   free-energy                    = no
   cos-acceleration               = 0
   deform (3x3):
      deform[    0]={ 0.00000e+00,  0.00000e+00,  0.00000e+00}
      deform[    1]={ 0.00000e+00,  0.00000e+00,  0.00000e+00}
      deform[    2]={ 0.00000e+00,  0.00000e+00,  0.00000e+00}
   simulated-tempering            = false
   swapcoords                     = no
   userint1                       = 0
   userint2                       = 0
   userint3                       = 0
   userint4                       = 0
   userreal1                      = 0
   userreal2                      = 0
   userreal3                      = 0
   userreal4                      = 0
   applied-forces:
     electric-field:
       x:
         E0                       = 0
         omega                    = 0
         t0                       = 0
         sigma                    = 0
       y:
         E0                       = 0
         omega                    = 0
         t0                       = 0
         sigma                    = 0
       z:
         E0                       = 0
         omega                    = 0
         t0                       = 0
         sigma                    = 0
     density-guided-simulation:
       active                     = false
       group                      = protein
       similarity-measure         = inner-product
       atom-spreading-weight      = unity
       force-constant             = 1e+09
       gaussian-transform-spreading-width = 0.2
       gaussian-transform-spreading-range-in-multiples-of-width = 4
       reference-density-filename = reference.mrc
       nst                        = 1
       normalize-densities        = true
       adaptive-force-scaling     = false
       adaptive-force-scaling-time-constant = 4
       shift-vector               = 
       transformation-matrix      = 
     qmmm-cp2k:
       active                     = false
       qmgroup                    = System
       qmmethod                   = PBE
       qmfilenames                = 
       qmcharge                   = 0
       qmmultiplicity             = 1
     colvars:
       active                     = false
       configfile                 = 
       seed                       = -1
grpopts:
   nrdf:  3.1488e+06
   ref-t:         300
   tau-t:           1
annealing:          No
annealing-npoints:           0
   acc:	           0           0           0
   nfreeze:           N           N           N
   energygrp-flags[  0]: 0

The -nsteps functionality is deprecated, and may be removed in a future version. Consider using gmx convert-tpr -nsteps or changing the appropriate .mdp file field.

Overriding nsteps with value passed on the command line: 2 steps, 0.004 ps
Changing nstlist from 10 to 25, rlist from 0.967 to 1.121


When checking whether update groups are usable:
  Domain decomposition is not active, so there is no need for update groups

Local state does not use filler particles

1 GPU selected for this run.
Mapping of GPU IDs to the 1 GPU task in the 1 rank on this node:
  PP:1
PP tasks will do non-perturbed short-ranged interactions on the GPU
PP task will update and constrain coordinates on the CPU
Using 1 MPI thread

You are using the following feature(s) which are experimental. We do not recommend this for production simulations. Check your results. If you find issues, report them on the GROMACS forum or at https://gitlab.com/gromacs/gromacs/-/issues
  non-bonded kernel vectorization

You are using the following feature(s) which are partially, but not fully validated. Please check your results. If you find issues, report them on the GROMACS forum or at https://gitlab.com/gromacs/gromacs/-/issues
  AdaptiveCpp SYCL GPU backend on a non-AMD platform
System total charge: -0.001
Reaction-Field:
epsRF = 0, rc = 0.9, krf = 0.685871, crf = 1.66667, epsfac = 138.935
The electrostatics potential has its minimum at r = 0.9
Potential shift: LJ r^-12: -3.541e+00 r^-6: -1.882e+00
Generated table with 1060 data points for 1-4 COUL.
Tabscale = 500 points/nm
Generated table with 1060 data points for 1-4 LJ6.
Tabscale = 500 points/nm
Generated table with 1060 data points for 1-4 LJ12.
Tabscale = 500 points/nm


Using GPU 8x4 nonbonded short-range kernels

NBNxM GPU setup: super-cluster 2x2x2

Using a dual 8x4 pair-list setup updated with dynamic, rolling pruning:
  outer list: updated every 25 steps, buffer 0.221 nm, rlist 1.121 nm
  inner list: updated every  4 steps, buffer 0.022 nm, rlist 0.922 nm
At tolerance 0.005 kJ/mol/ps per atom, equivalent classical 1x1 list would be:
  outer list: updated every 25 steps, buffer 0.281 nm, rlist 1.181 nm
  inner list: updated every  4 steps, buffer 0.034 nm, rlist 0.934 nm

The average pressure is off by at most 0.00 bar due to missing LJ interactions

Using Geometric Lennard-Jones combination rule
Removing pbc first time

Pinning threads with an auto-selected logical cpu stride of 2

Initializing LINear Constraint Solver

++++ PLEASE READ AND CITE THE FOLLOWING REFERENCE ++++
B. Hess, H. Bekker, H. J. C. Berendsen, J. G. E. M. Fraaije
LINCS: A Linear Constraint Solver for molecular simulations
J. Comp. Chem. (1997)
https://doi.org/10.1002/(sici)1096-987x(199709)18:12<1463::aid-jcc4>3.0.co;2-h
-------- -------- --- Thank You --- -------- --------

The number of constraints is 153600

++++ PLEASE READ AND CITE THE FOLLOWING REFERENCE ++++
S. Miyamoto, P. A. Kollman
SETTLE: An Analytical Version of the SHAKE and RATTLE Algorithms for Rigid
Water Models
J. Comp. Chem. (1992)
https://doi.org/10.1002/jcc.540130805
-------- -------- --- Thank You --- -------- --------


The -noconfout functionality is deprecated, and may be removed in a future version.

++++ PLEASE READ AND CITE THE FOLLOWING REFERENCE ++++
G. Bussi, D. Donadio, M. Parrinello
Canonical sampling through velocity rescaling
J. Chem. Phys. (2007)
https://doi.org/10.1063/1.2408420
-------- -------- --- Thank You --- -------- --------

There are: 1536000 Atoms

Constraining the starting coordinates (step 0)

Constraining the coordinates at t0-dt (step 0)
Center of mass motion removal mode is Linear
We have the following groups for center of mass motion removal:
  0:  rest
RMS relative constraint deviation after constraining: 8.29e-06
Initial temperature: 298.479 K

Started mdrun on rank 0 Tue Mar 24 15:10:34 2026


The -resethway functionality is deprecated, and may be removed in a future version.
           Step           Time
              0        0.00000

   Energies (kJ/mol)
           Bond          Angle Ryckaert-Bell.          LJ-14     Coulomb-14
    5.24493e+04    2.91853e+05    5.69682e+04    1.52781e+04   -7.00465e+05
        LJ (SR)   Coulomb (SR)      Potential    Kinetic En.   Total Energy
    3.73043e+06   -2.41365e+07   -2.06899e+07    3.89580e+06   -1.67941e+07
  Conserved En.    Temperature Pressure (bar)   Constr. rmsd
   -1.67941e+07    2.97610e+02   -2.28194e+02    8.29618e-06


step 1: resetting all time and cycle counters
Restarted time on rank 0 Tue Mar 24 15:19:01 2026

           Step           Time
              2        0.00400

   Energies (kJ/mol)
           Bond          Angle Ryckaert-Bell.          LJ-14     Coulomb-14
    6.65966e+04    3.51651e+05    6.06615e+04    1.57720e+04   -7.01161e+05
        LJ (SR)   Coulomb (SR)      Potential    Kinetic En.   Total Energy
    3.69625e+06   -2.40959e+07   -2.06061e+07    3.83110e+06   -1.67750e+07
  Conserved En.    Temperature Pressure (bar)   Constr. rmsd
   -1.67828e+07    2.92668e+02   -1.16872e+02    7.55679e-06


Energy conservation over simulation part #1 of length 0.004 ps, time 0 to 0.004 ps
  Conserved energy drift: 1.85e+00 kJ/mol/ps per atom


	<======  ###############  ==>
	<====  A V E R A G E S  ====>
	<==  ###############  ======>

	Statistics over 3 steps using 1 frames

   Energies (kJ/mol)
           Bond          Angle Ryckaert-Bell.          LJ-14     Coulomb-14
    5.24493e+04    2.91853e+05    5.69682e+04    1.52781e+04   -7.00465e+05
        LJ (SR)   Coulomb (SR)      Potential    Kinetic En.   Total Energy
    3.73043e+06   -2.41365e+07   -2.06899e+07    3.89580e+06   -1.67941e+07
  Conserved En.    Temperature Pressure (bar)   Constr. rmsd
   -1.67941e+07    2.97610e+02   -2.28194e+02    0.00000e+00

   Total Virial (kJ/mol)
    1.29405e+06   -4.03811e+04   -1.06777e+05
   -4.03964e+04    1.36446e+06    2.76442e+05
   -1.07497e+05    2.76629e+05    1.55348e+06

   Pressure (bar)
    5.04303e+01    1.68404e+02    3.86562e+02
    1.68437e+02   -2.36170e+02   -5.74573e+02
    3.88121e+02   -5.74978e+02   -4.98842e+02


	M E G A - F L O P S   A C C O U N T I N G

 NB=Group-cutoff nonbonded kernels    NxN=N-by-N cluster Verlet kernels
 RF=Reaction-Field  VdW=Van der Waals  QSTab=quadratic-spline table
 W3=SPC/TIP3p  W4=TIP4p (single or pairs)
 V&F=Potential and force  V=Potential only  F=Force only

 Computing:                               M-Number         M-Flops  % Flops
-----------------------------------------------------------------------------
 NxN RF Elec. + LJ [F]                 1375.656960       52274.964    41.0
 NxN RF Elec. + LJ [V&F]               1375.656960       74285.476    58.3
 1,4 nonbonded interactions               0.614400          55.296     0.0
 Bonds                                    0.102400           6.042     0.0
 Angles                                   0.665600         111.821     0.1
 RB-Dihedrals                             0.614400         151.757     0.1
 Virial                                   1.536045          27.649     0.0
 Calc-Ekin                                3.072000          82.944     0.1
 Lincs                                    0.307200          18.432     0.0
 Lincs-Mat                                2.457600           9.830     0.0
 Constraint-V                             3.225600          29.030     0.0
 Constraint-Vir                           1.459200          35.021     0.0
 Settle                                   0.870400         322.048     0.3
-----------------------------------------------------------------------------
 Total                                                  127410.310   100.0
-----------------------------------------------------------------------------


      R E A L   C Y C L E   A N D   T I M E   A C C O U N T I N G

On 1 MPI rank

 Activity:              Num   Num      Call    Wall time         Giga-Cycles
                        Ranks Threads  Count      (s)         total sum    %
--------------------------------------------------------------------------------
 Launch PP GPU ops.        1    1          4       0.092          0.002   0.0
 Force                     1    1          2       1.083          0.026   0.3
 Wait GPU NB local         1    1          2     166.044          3.985  44.9
 Wait GPU state copy       1    1          1     159.135          3.819  43.1
 NB X/F buffer ops.        1    1          1       0.112          0.003   0.0
 Update                    1    1          2       0.080          0.002   0.0
 Constraints               1    1          2       0.952          0.023   0.3
 Kinetic energy            1    1          2       0.159          0.004   0.0
 Rest                                             41.907          1.006  11.3
--------------------------------------------------------------------------------
 Total                                           369.564          8.869 100.0
--------------------------------------------------------------------------------

               Core t (s)   Wall t (s)        (%)
       Time:      327.703      369.564       88.7
                 (ns/day)    (hour/ns)    (ms/step)  (Matom*steps/s) 
Performance:        0.001    25664.135   184781.770            0.008 
Finished mdrun on rank 0 Tue Mar 24 15:25:10 2026

