      :-) GROMACS - gmx mdrun, 2027.0-dev-20260313-96057cfc41-unknown (-:

Copyright 1991-2027 The GROMACS Authors.
GROMACS is free software; you can redistribute it and/or modify it
under the terms of the GNU Lesser General Public License
as published by the Free Software Foundation; either version 2.1
of the License, or (at your option) any later version.

                         Current GROMACS contributors:
       Mark Abraham           Andrey Alekseenko           Brian Andrews       
        Paul Bauer              Cathrine Bergh              Hugh Bird         
      Eliane Briand               Ania Brown                Yiqi Chen         
      Mahesh Doijade            Giacomo Fiorin          Stefan Fleischmann    
      Sergey Gorelov         Gilles Gouaillardet            Alan Gray         
   Farzaneh Jalalypour         Petter Johansson          Carsten Kutzner      
    Grzegorz Łazarski         Justin A. Lemkul          Magnus Lundborg      
        Julio Maia               Pascal Merz             Vedran Miletić      
      Dmitry Morozov           Lukas Müllender           Szilárd Páll      
 Andrea Pasquadibisceglie     Michele Pellegrino         Nicola Piasentin     
     Daniele Rapetti         Muhammad Umair Sadiq         Hubert Santuz       
      Michael Shirts           Tatiana Shugaeva          Alexey Shvetsov      
     Bálint Soproni            Philip Turner            Alessandra Villa     
        Yang Zhang        

                         Previous GROMACS contributors:
        Emile Apol             Rossen Apostolov           James Barnett       
      Vladimir Basov        Herman J.C. Berendsen         Pär Bjelkmar       
      Christian Blau          Viacheslav Bolnykh            Kevin Boyd        
    Aldert van Buuren          Carlo Camilloni           Rudi van Drunen      
      Anton Feenstra           Oliver Fleetwood            Vytas Gapsys       
       Gaurav Garg             Gerrit Groenhof            Bert de Groot       
      Anca Hamuraru           Vincent Hindriksen          Victor Holanda      
     M. Eric Irrgang           Aleksei Iupinov              Joe Jordan        
    Christoph Junghans        Prashanth Kanduri        Dimitrios Karkoulis    
       Peter Kasson             Sebastian Kehl           Sebastian Keller     
        Jiri Kraus               Per Larsson              Viveca Lindahl      
      Erik Marklund           Pieter Meulenhoff           Teemu Murtola       
       Julien Nabet              Sander Pronk             Roland Schulz       
      Alfons Sijbers         David van der Spoel          Peter Tieleman      
      Carsten Uphoff             Jon Vincent             Teemu Virolainen     
    Christian Wennberg     Sebastian Wingbermühle         Maarten Wolf       
      Artem Zhmurov       

                  Coordinated by the GROMACS project leaders:
                           Berk Hess and Erik Lindahl

GROMACS:      gmx mdrun, version 2027.0-dev-20260313-96057cfc41-unknown
Executable:   /home/tapio/milkv-vault/repositories/gromacs-wts/PoCL-ACpp/build-OpenMPI-vec/install/bin/gmx_mpi
Data prefix:  /home/tapio/milkv-vault/repositories/gromacs-wts/PoCL-ACpp/build-OpenMPI-vec/install
Working dir:  /home/tapio/milkv-vault/repositories/GROMACS-Samples/OneDrive-2025-05-30/Benchmark_Inputs/Version_1
Process ID:   1543
Command line:
  gmx_mpi mdrun -s grappa-0024-pme.tpr -npme 1 -ntomp 1 -pin on -nb cpu -pme cpu -bonded cpu -update cpu -nsteps 32 -nobackup -noconfout -notunepme -resethway -g /home/tapio/milkv-vault/repositories/GROMACS-Samples/ACpp-bench-LLVM-19-Neptune/grappa-0024/PME-HOST-R4-autovec -v

GROMACS version:     2027.0-dev-20260313-96057cfc41-unknown
GIT SHA1 hash:       96057cfc4106faf022ac519112c851bb73279efa
Branched from:       unknown
Precision:           mixed
Memory model:        64 bit
MPI library:         MPI
MPI version:         Open MPI v4.1.6, package: Debian OpenMPI, ident: 4.1.6, repo rev: v4.1.6, Sep 30, 2023
OpenMP support:      disabled
GPU support:         SYCL (AdaptiveCpp)
NBNxM GPU setup:     super-cluster 2x2x2 / cluster 8 (cluster-pair splitting on)
SIMD instructions:   None
CPU FFT library:     fftw-3.3.10
GPU FFT library:     none / unknown
Multi-GPU FFT:       none
TNG support:         enabled
Hwloc support:       disabled
Tracing support:     disabled
Colvars support:     enabled (version 2025-10-13)
CP2K support:        disabled
Torch support:       disabled
Plumed support:      enabled
C compiler:          /usr/bin/clang-19 Clang 19.1.1
C compiler flags:    -Wno-unknown-pragmas -Wall -Wno-unused -Wunused-value -Wunused-parameter -Wpointer-arith -Wshadow-all -Wno-missing-field-initializers -O3 -DNDEBUG
C++ compiler:        /home/tapio/milkv-vault/repositories/AdaptiveCpp-wts/disable-optimizations/build-llvm19/install/bin/acpp Clang 19.1.1
C++ compiler flags:  -Wall -Wextra -Wpointer-arith -Wmissing-prototypes -Wpedantic -Wdeprecated -Wshadow-all -Wno-unused-function -Wno-unknown-pragmas -Wno-reserved-identifier -Wno-missing-field-initializers -Weverything -Wno-c++98-compat -Wno-c++98-compat-pedantic -Wno-source-uses-openmp -Wno-c++17-extensions -Wno-documentation-unknown-command -Wno-covered-switch-default -Wno-switch-enum -Wno-switch-default -Wno-extra-semi-stmt -Wno-weak-vtables -Wno-shadow -Wno-padded -Wno-reserved-id-macro -Wno-double-promotion -Wno-exit-time-destructors -Wno-global-constructors -Wno-documentation -Wno-format-nonliteral -Wno-used-but-marked-unused -Wno-float-equal -Wno-cuda-compat -Wno-conditional-uninitialized -Wno-conversion -Wno-disabled-macro-expansion -Wno-unused-macros -Wno-unsafe-buffer-usage -Wno-old-style-cast -Wno-cast-qual -Wno-suggest-override -Wno-suggest-destructor-override -Wno-zero-as-null-pointer-constant -Wno-cast-function-type-strict -O3 -DNDEBUG
BLAS library:        Internal
LAPACK library:      Internal
SYCL version:        AdaptiveCpp 25.10.0+git.50c4c5e7.20260220.branch.disable-optimizations
SYCL compiler:       /home/tapio/milkv-vault/repositories/AdaptiveCpp-wts/disable-optimizations/build-llvm19/install/lib/cmake/AdaptiveCpp/syclcc-launcher
SYCL compiler flags: -Wno-unknown-cuda-version -Wno-unknown-attributes  --acpp-clang=/home/tapio/milkv-vault/repositories/AdaptiveCpp-wts/disable-optimizations/build-llvm19/install/bin/acpp
SYCL GPU flags:      -ffast-math -DHIPSYCL_ALLOW_INSTANT_SUBMISSION=1 -DACPP_ALLOW_INSTANT_SUBMISSION=1 -fgpu-inline-threshold=99999 -Wno-deprecated-declarations
SYCL targets:        


Running on 1 node with total 4 cores, 8 processing units, 1 compatible GPU
Hardware detected on host neptune (the node of MPI rank 0):
  CPU info:
    Vendor: RISC-V 64
    Brand:  Unknown CPU brand
    Family: 0   Model: 0   Stepping: 0
    Features:
  Hardware topology: Basic
    Packages, cores, and logical processors:
    [indices refer to OS logical processors]
      Package  0: [   0   4] [   1   5] [   2   6] [   3   7]
    CPU limit set by OS: -1   Recommended max number of threads: 8
  GPU info:
    Number of GPUs detected: 2
    #0: name: AdaptiveCpp OpenMP host device, vendor: the AdaptiveCpp project, device version: <native-cpu>, driver version: 1.2, status: incompatible (please recompile with correct GMX_GPU_NB_CLUSTER_SIZE)
    #1: name: cpu-spacemit-x60-Spacemit(R) X60, vendor: cpu-spacemit-x60-Spacemit(R) X60, device version: OpenCL OpenCL C 1.2 PoCL, driver version: 7.2-pre loopvec-next-0-g7d8964833, status: compatible


++++ PLEASE READ AND CITE THE FOLLOWING REFERENCE ++++
M. J. Abraham, T. Murtola, R. Schulz, S. Páll, J. C. Smith, B. Hess, E.
Lindahl
GROMACS: High performance molecular simulations through multi-level
parallelism from laptops to supercomputers
SoftwareX (2015)
https://doi.org/10.1016/j.softx.2015.06.001
-------- -------- --- Thank You --- -------- --------


++++ PLEASE READ AND CITE THE FOLLOWING REFERENCE ++++
S. Páll, M. J. Abraham, C. Kutzner, B. Hess, E. Lindahl
Tackling Exascale Software Challenges in Molecular Dynamics Simulations with
GROMACS
In S. Markidis & E. Laure (Eds.), Solving Software Challenges for Exascale (2015)
https://doi.org/10.1007/978-3-319-15976-8_1
-------- -------- --- Thank You --- -------- --------


++++ PLEASE READ AND CITE THE FOLLOWING REFERENCE ++++
S. Pronk, S. Páll, R. Schulz, P. Larsson, P. Bjelkmar, R. Apostolov, M. R.
Shirts, J. C. Smith, P. M. Kasson, D. van der Spoel, B. Hess, E. Lindahl
GROMACS 4.5: a high-throughput and highly parallel open source molecular
simulation toolkit
Bioinformatics (2013)
https://doi.org/10.1093/bioinformatics/btt055
-------- -------- --- Thank You --- -------- --------


++++ PLEASE READ AND CITE THE FOLLOWING REFERENCE ++++
B. Hess, C. Kutzner, D. van der Spoel, E. Lindahl
GROMACS 4: Algorithms for highly efficient, load-balanced, and scalable
molecular simulation
J. Chem. Theory Comput. (2008)
https://doi.org/10.1021/ct700301q
-------- -------- --- Thank You --- -------- --------


++++ PLEASE READ AND CITE THE FOLLOWING REFERENCE ++++
D. van der Spoel, E. Lindahl, B. Hess, G. Groenhof, A. E. Mark, H. J. C.
Berendsen
GROMACS: Fast, Flexible and Free
J. Comp. Chem. (2005)
https://doi.org/10.1002/jcc.20291
-------- -------- --- Thank You --- -------- --------


++++ PLEASE READ AND CITE THE FOLLOWING REFERENCE ++++
E. Lindahl, B. Hess, D. van der Spoel
GROMACS 3.0: A package for molecular simulation and trajectory analysis
J. Mol. Mod. (2001)
https://doi.org/10.1007/s008940100045
-------- -------- --- Thank You --- -------- --------


++++ PLEASE READ AND CITE THE FOLLOWING REFERENCE ++++
H. J. C. Berendsen, D. van der Spoel and R. van Drunen
GROMACS: A message-passing parallel molecular dynamics implementation
Comp. Phys. Comm. (1995)
https://doi.org/10.1016/0010-4655(95)00042-E
-------- -------- --- Thank You --- -------- --------

Input Parameters:
   integrator                     = md
   tinit                          = 0
   dt                             = 0.002
   nsteps                         = 10000
   init-step                      = 0
   simulation-part                = 1
   mts                            = false
   mass-repartition-factor        = 1
   comm-mode                      = Linear
   nstcomm                        = 100
   bd-fric                        = 0
   ld-seed                        = -673192517
   emtol                          = 10
   emstep                         = 0.01
   niter                          = 20
   fcstep                         = 0
   nstcgsteep                     = 1000
   nbfgscorr                      = 10
   rtpi                           = 0.05
   nstxout                        = 0
   nstvout                        = 0
   nstfout                        = 0
   nstlog                         = 0
   nstcalcenergy                  = 500
   nstenergy                      = 500
   nstxout-compressed             = 0
   compressed-x-precision         = 1000
   cutoff-scheme                  = Verlet
   nstlist                        = 10
   pbc                            = xyz
   periodic-molecules             = false
   verlet-buffer-tolerance        = 0.005
   verlet-buffer-pressure-tolerance = 0.5
   rlist                          = 0.903
   coulombtype                    = PME
   coulomb-modifier               = Potential-shift
   rcoulomb-switch                = 0
   rcoulomb                       = 0.9
   epsilon-r                      = 1
   epsilon-rf                     = inf
   vdw-type                       = Cut-off
   vdw-modifier                   = Potential-shift
   rvdw-switch                    = 0
   rvdw                           = 0.9
   DispCorr                       = No
   table-extension                = 1
   fourierspacing                 = 0.1125
   fourier-nx                     = 96
   fourier-ny                     = 44
   fourier-nz                     = 44
   pme-order                      = 4
   ewald-rtol                     = 1e-05
   ewald-rtol-lj                  = 0.001
   lj-pme-comb-rule               = Geometric
   ewald-geometry                 = 3d
   epsilon-surface                = 0
   ensemble-temperature-setting   = constant
   ensemble-temperature           = 300
   tcoupl                         = V-rescale
   nsttcouple                     = 100
   nh-chain-length                = 0
   print-nose-hoover-chain-variables = false
   pcoupl                         = No
   refcoord-scaling               = No
   posres-com (0x3):
   posres-comB (0x3):
   QMMM                           = false
qm-opts:
   ngQM                           = 0
   constraint-algorithm           = Lincs
   continuation                   = false
   Shake-SOR                      = false
   shake-tol                      = 0.0001
   lincs-order                    = 4
   lincs-iter                     = 1
   lincs-warnangle                = 30
   nwall                          = 0
   wall-type                      = 9-3
   wall-r-linpot                  = -1
   wall-atomtype[0]               = -1
   wall-atomtype[1]               = -1
   wall-density[0]                = 0
   wall-density[1]                = 0
   wall-ewald-zfac                = 3
   pull                           = false
   awh                            = false
   rotation                       = false
   interactiveMD                  = false
   disre                          = No
   disre-weighting                = Conservative
   disre-mixed                    = false
   dr-fc                          = 1000
   dr-tau                         = 0
   nstdisreout                    = 100
   orire-fc                       = 0
   orire-tau                      = 0
   nstorireout                    = 100
   free-energy                    = no
   cos-acceleration               = 0
   deform (3x3):
      deform[    0]={ 0.00000e+00,  0.00000e+00,  0.00000e+00}
      deform[    1]={ 0.00000e+00,  0.00000e+00,  0.00000e+00}
      deform[    2]={ 0.00000e+00,  0.00000e+00,  0.00000e+00}
   simulated-tempering            = false
   swapcoords                     = no
   userint1                       = 0
   userint2                       = 0
   userint3                       = 0
   userint4                       = 0
   userreal1                      = 0
   userreal2                      = 0
   userreal3                      = 0
   userreal4                      = 0
   applied-forces:
     electric-field:
       x:
         E0                       = 0
         omega                    = 0
         t0                       = 0
         sigma                    = 0
       y:
         E0                       = 0
         omega                    = 0
         t0                       = 0
         sigma                    = 0
       z:
         E0                       = 0
         omega                    = 0
         t0                       = 0
         sigma                    = 0
     density-guided-simulation:
       active                     = false
       group                      = protein
       similarity-measure         = inner-product
       atom-spreading-weight      = unity
       force-constant             = 1e+09
       gaussian-transform-spreading-width = 0.2
       gaussian-transform-spreading-range-in-multiples-of-width = 4
       reference-density-filename = reference.mrc
       nst                        = 1
       normalize-densities        = true
       adaptive-force-scaling     = false
       adaptive-force-scaling-time-constant = 4
       shift-vector               = 
       transformation-matrix      = 
     qmmm-cp2k:
       active                     = false
       qmgroup                    = System
       qmmethod                   = PBE
       qmfilenames                = 
       qmcharge                   = 0
       qmmultiplicity             = 1
     colvars:
       active                     = false
       configfile                 = 
       seed                       = -1
grpopts:
   nrdf:       49197
   ref-t:         300
   tau-t:           1
annealing:          No
annealing-npoints:           0
   acc:	           0           0           0
   nfreeze:           N           N           N
   energygrp-flags[  0]: 0

The -nsteps functionality is deprecated, and may be removed in a future version. Consider using gmx convert-tpr -nsteps or changing the appropriate .mdp file field.

Overriding nsteps with value passed on the command line: 32 steps, 0.064 ps
Changing nstlist from 10 to 40, rlist from 0.903 to 0.996


GPU-aware MPI was not detected, will not use direct GPU communication. Check the GROMACS install guide for recommendations for GPU-aware support. If you are certain about GPU-aware support in your MPI library, you can force its use by setting the GMX_FORCE_GPU_AWARE_MPI environment variable.

Initializing Domain Decomposition on 4 ranks
Dynamic load balancing: auto
Using update groups, nr 8000, average size 3.0 atoms, max. radius 0.103 nm
Minimum cell size due to atom displacement: 0.358 nm
Initial maximum distances in bonded interactions:
    two-body bonded interactions: 0.350 nm, LJ-14, atoms 22540 22544
  multi-body bonded interactions: 0.350 nm, Ryckaert-Bell., atoms 22540 22544
Minimum cell size due to bonded interactions: 0.385 nm
Scaling the initial minimum size with 1/0.8 (option -dds) = 1.25
Using 1 separate PME ranks, as requested with -npme option
Optimizing the DD grid for 3 cells with a minimum initial size of 0.481 nm
The maximum allowed number of cells is: X 20 Y 10 Z 10
Domain decomposition grid 3 x 1 x 1, separate PME ranks 1
PME domain decomposition: 1 x 1 x 1
Interleaving PP and PME ranks
This rank does only particle-particle work.
Domain decomposition rank 0, coordinates 0 0 0

The initial number of communication pulses is: X 1
The initial domain decomposition cell size is: X 3.29 nm

The maximum allowed distance for atom groups involved in interactions is:
                 non-bonded interactions           1.203 nm
            two-body bonded interactions  (-rdd)   1.203 nm
          multi-body bonded interactions  (-rdd)   1.203 nm

When dynamic load balancing gets turned on, these settings will change to:
The maximum number of communication pulses is: X 1
The minimum size for domain decomposition cells is 1.203 nm
The requested allowed shrink of DD cells (option -dds) is: 0.80
The allowed shrink of domain decomposition cells is: X 0.37
The maximum allowed distance for atom groups involved in interactions is:
                 non-bonded interactions           1.203 nm
            two-body bonded interactions  (-rdd)   1.203 nm
          multi-body bonded interactions  (-rdd)   1.203 nm

Local state does not use filler particles

Using 4 MPI processes

You are using the following feature(s) which are experimental. We do not recommend this for production simulations. Check your results. If you find issues, report them on the GROMACS forum or at https://gitlab.com/gromacs/gromacs/-/issues
  non-bonded kernel vectorization
System total charge: -0.000
Will do PME sum in reciprocal space for electrostatic interactions.

++++ PLEASE READ AND CITE THE FOLLOWING REFERENCE ++++
U. Essmann, L. Perera, M. L. Berkowitz, T. Darden, H. Lee, L. G. Pedersen 
A smooth particle mesh Ewald method
J. Chem. Phys. (1995)
https://doi.org/10.1063/1.470117
-------- -------- --- Thank You --- -------- --------

Using a Gaussian width (1/beta) of 0.288146 nm for Ewald
Potential shift: LJ r^-12: -3.541e+00 r^-6: -1.882e+00, Ewald -1.111e-05
Initialized non-bonded Coulomb Ewald tables, spacing: 8.85e-04 size: 1018

Generated table with 998 data points for 1-4 COUL.
Tabscale = 500 points/nm
Generated table with 998 data points for 1-4 LJ6.
Tabscale = 500 points/nm
Generated table with 998 data points for 1-4 LJ12.
Tabscale = 500 points/nm


Using plain-C-1x1 1x1 nonbonded short-range kernels

The average pressure is off by at most 1.25 bar due to missing LJ interactions

Using Geometric Lennard-Jones combination rule
Removing pbc first time

Linking all bonded interactions to atoms


Pinning threads with an auto-selected logical cpu stride of 2

Initializing LINear Constraint Solver

++++ PLEASE READ AND CITE THE FOLLOWING REFERENCE ++++
B. Hess, H. Bekker, H. J. C. Berendsen, J. G. E. M. Fraaije
LINCS: A Linear Constraint Solver for molecular simulations
J. Comp. Chem. (1997)
https://doi.org/10.1002/(sici)1096-987x(199709)18:12<1463::aid-jcc4>3.0.co;2-h
-------- -------- --- Thank You --- -------- --------

The number of constraints is 2400

++++ PLEASE READ AND CITE THE FOLLOWING REFERENCE ++++
S. Miyamoto, P. A. Kollman
SETTLE: An Analytical Version of the SHAKE and RATTLE Algorithms for Rigid
Water Models
J. Comp. Chem. (1992)
https://doi.org/10.1002/jcc.540130805
-------- -------- --- Thank You --- -------- --------


The -noconfout functionality is deprecated, and may be removed in a future version.

Intra-simulation communication will occur every 100 steps.

++++ PLEASE READ AND CITE THE FOLLOWING REFERENCE ++++
G. Bussi, D. Donadio, M. Parrinello
Canonical sampling through velocity rescaling
J. Chem. Phys. (2007)
https://doi.org/10.1063/1.2408420
-------- -------- --- Thank You --- -------- --------

There are: 24000 Atoms
Atom distribution over 3 domains: av 8000 stddev 71 min 7908 max 8080

Constraining the starting coordinates (step 0)

Constraining the coordinates at t0-dt (step 0)
Center of mass motion removal mode is Linear
We have the following groups for center of mass motion removal:
  0:  rest
RMS relative constraint deviation after constraining: 4.03e-06
Initial temperature: 298.813 K

Started mdrun on rank 0 Tue Mar 24 10:52:22 2026


The -resethway functionality is deprecated, and may be removed in a future version.
           Step           Time
              0        0.00000

   Energies (kJ/mol)
           Bond          Angle Ryckaert-Bell.          LJ-14     Coulomb-14
    8.21019e+02    4.55722e+03    8.89929e+02    2.38533e+02   -1.09443e+04
        LJ (SR)   Coulomb (SR)   Coul. recip.      Potential    Kinetic En.
    5.82874e+04   -3.79885e+05    2.91832e+03   -3.23116e+05    6.09147e+04
   Total Energy  Conserved En.    Temperature Pressure (bar)   Constr. rmsd
   -2.62202e+05   -2.62202e+05    2.97837e+02    3.38007e+01    4.11599e-06


step 16: resetting all time and cycle counters
Restarted time on rank 0 Tue Mar 24 10:52:25 2026

           Step           Time
             32        0.06400

   Energies (kJ/mol)
           Bond          Angle Ryckaert-Bell.          LJ-14     Coulomb-14
    1.26624e+03    5.36801e+03    1.03677e+03    2.64567e+02   -1.09925e+04
        LJ (SR)   Coulomb (SR)   Coul. recip.      Potential    Kinetic En.
    5.66293e+04   -3.79766e+05    2.83777e+03   -3.23356e+05    6.11884e+04
   Total Energy  Conserved En.    Temperature Pressure (bar)   Constr. rmsd
   -2.62168e+05   -2.62125e+05    2.99175e+02   -3.53735e+02    2.94816e-06


Energy conservation over simulation part #1 of length 0.064 ps, time 0 to 0.064 ps
  Conserved energy drift: 4.97e-02 kJ/mol/ps per atom


	<======  ###############  ==>
	<====  A V E R A G E S  ====>
	<==  ###############  ======>

	Statistics over 33 steps using 1 frames

   Energies (kJ/mol)
           Bond          Angle Ryckaert-Bell.          LJ-14     Coulomb-14
    8.21019e+02    4.55722e+03    8.89929e+02    2.38533e+02   -1.09443e+04
        LJ (SR)   Coulomb (SR)   Coul. recip.      Potential    Kinetic En.
    5.82874e+04   -3.79885e+05    2.91832e+03   -3.23116e+05    6.09147e+04
   Total Energy  Conserved En.    Temperature Pressure (bar)   Constr. rmsd
   -2.62202e+05   -2.62202e+05    2.97837e+02    3.38007e+01    0.00000e+00

   Total Virial (kJ/mol)
    1.83584e+04   -6.39621e+02   -2.20833e+03
   -6.39729e+02    1.84450e+04    3.70494e+03
   -2.20784e+03    3.70540e+03    2.33795e+04

   Pressure (bar)
    3.09696e+02    1.70416e+02    4.60775e+02
    1.70431e+02    1.63464e+02   -4.89801e+02
    4.60707e+02   -4.89864e+02   -3.71757e+02


	M E G A - F L O P S   A C C O U N T I N G

 NB=Group-cutoff nonbonded kernels    NxN=N-by-N cluster Verlet kernels
 RF=Reaction-Field  VdW=Van der Waals  QSTab=quadratic-spline table
 W3=SPC/TIP3p  W4=TIP4p (single or pairs)
 V&F=Potential and force  V=Potential only  F=Force only

 Computing:                               M-Number         M-Flops  % Flops
-----------------------------------------------------------------------------
 NxN QSTab Elec. + LJ [F]                58.390880        2394.026    49.7
 NxN QSTab Elec. + LJ [V&F]               3.649430         215.316     4.5
 NxN QSTab Elec. [F]                     23.782080         808.591    16.8
 NxN QSTab Elec. [V&F]                    1.486380          60.942     1.3
 1,4 nonbonded interactions               0.081600           7.344     0.2
 Calc Weights                             1.224000          44.064     0.9
 Spread Q Bspline                        26.112000          52.224     1.1
 Gather F Bspline                        26.112000         156.672     3.3
 3D-FFT                                 110.608494         884.868    18.4
 Solve PME                                1.651584         105.701     2.2
 Bonds                                    0.013600           0.802     0.0
 Angles                                   0.088400          14.851     0.3
 RB-Dihedrals                             0.081600          20.155     0.4
 Virial                                   0.024135           0.434     0.0
 Calc-Ekin                                0.048000           1.296     0.0
 Lincs                                    0.040800           2.448     0.1
 Lincs-Mat                                0.326400           1.306     0.0
 Constraint-V                             0.428400           3.856     0.1
 Constraint-Vir                           0.022800           0.547     0.0
 Settle                                   0.115600          42.772     0.9
-----------------------------------------------------------------------------
 Total                                                    4818.216   100.0
-----------------------------------------------------------------------------


    D O M A I N   D E C O M P O S I T I O N   S T A T I S T I C S

 av. #atoms communicated per step for force:  2 x nan


      R E A L   C Y C L E   A N D   T I M E   A C C O U N T I N G

On 3 MPI ranks doing PP, and
on 1 MPI rank doing PME

 Activity:              Num   Num      Call    Wall time         Giga-Cycles
                        Ranks Threads  Count      (s)         total sum    %
--------------------------------------------------------------------------------
 Send X to PME             3    1         17       0.006          0.000   0.2
 Comm. coord.              3    1         17       0.006          0.000   0.2
 Force                     3    1         17       1.669          0.120  71.0
 Wait + Comm. F            3    1         17       0.019          0.001   0.8
 PME mesh *                1    1         17       1.512          0.036  21.4
 PME wait for PP *                                 0.252          0.006   3.6
 Wait + Recv. PME F        3    1         17       0.006          0.000   0.3
 NB X/F buffer ops.        3    1         51       0.009          0.001   0.4
 Update                    3    1         17       0.009          0.001   0.4
 Constraints               3    1         17       0.037          0.003   1.6
 Kinetic energy            3    1          2       0.001          0.000   0.0
 Comm. energies            3    1          1       0.000          0.000   0.0
 Rest                                              0.003          0.000   0.1
--------------------------------------------------------------------------------
 Total                                             1.764          0.169 100.0
--------------------------------------------------------------------------------
(*) Note that with separate PME ranks, the walltime column actually sums to
    twice the total reported, but the cycle count total and % are correct.
--------------------------------------------------------------------------------
 Breakdown of PME mesh activities
--------------------------------------------------------------------------------
 PME spread                1    1         17       0.378          0.009   5.4
 PME gather                1    1         17       0.347          0.008   4.9
 PME 3D-FFT                1    1         34       0.703          0.017  10.0
 PME solve Elec            1    1         17       0.084          0.002   1.2
--------------------------------------------------------------------------------
 Note that the cycle count and % columns are weighted by the number of ranks,
 while walltimes are not. Hence, with separate PME ranks, the fraction of each
 activity's walltime does not correspond to the cycle %.
--------------------------------------------------------------------------------

               Core t (s)   Wall t (s)        (%)
       Time:        7.051        1.764      399.7
                 (ns/day)    (hour/ns)    (ms/step)  (Matom*steps/s) 
Performance:        1.665       14.412      103.766            0.231 
Finished mdrun on rank 0 Tue Mar 24 10:52:26 2026

