      :-) GROMACS - gmx mdrun, 2027.0-dev-20260313-96057cfc41-unknown (-:

Copyright 1991-2027 The GROMACS Authors.
GROMACS is free software; you can redistribute it and/or modify it
under the terms of the GNU Lesser General Public License
as published by the Free Software Foundation; either version 2.1
of the License, or (at your option) any later version.

                         Current GROMACS contributors:
       Mark Abraham           Andrey Alekseenko           Brian Andrews       
        Paul Bauer              Cathrine Bergh              Hugh Bird         
      Eliane Briand               Ania Brown                Yiqi Chen         
      Mahesh Doijade            Giacomo Fiorin          Stefan Fleischmann    
      Sergey Gorelov         Gilles Gouaillardet            Alan Gray         
   Farzaneh Jalalypour         Petter Johansson          Carsten Kutzner      
    Grzegorz Łazarski         Justin A. Lemkul          Magnus Lundborg      
        Julio Maia               Pascal Merz             Vedran Miletić      
      Dmitry Morozov           Lukas Müllender           Szilárd Páll      
 Andrea Pasquadibisceglie     Michele Pellegrino         Nicola Piasentin     
     Daniele Rapetti         Muhammad Umair Sadiq         Hubert Santuz       
      Michael Shirts           Tatiana Shugaeva          Alexey Shvetsov      
     Bálint Soproni            Philip Turner            Alessandra Villa     
        Yang Zhang        

                         Previous GROMACS contributors:
        Emile Apol             Rossen Apostolov           James Barnett       
      Vladimir Basov        Herman J.C. Berendsen         Pär Bjelkmar       
      Christian Blau          Viacheslav Bolnykh            Kevin Boyd        
    Aldert van Buuren          Carlo Camilloni           Rudi van Drunen      
      Anton Feenstra           Oliver Fleetwood            Vytas Gapsys       
       Gaurav Garg             Gerrit Groenhof            Bert de Groot       
      Anca Hamuraru           Vincent Hindriksen          Victor Holanda      
     M. Eric Irrgang           Aleksei Iupinov              Joe Jordan        
    Christoph Junghans        Prashanth Kanduri        Dimitrios Karkoulis    
       Peter Kasson             Sebastian Kehl           Sebastian Keller     
        Jiri Kraus               Per Larsson              Viveca Lindahl      
      Erik Marklund           Pieter Meulenhoff           Teemu Murtola       
       Julien Nabet              Sander Pronk             Roland Schulz       
      Alfons Sijbers         David van der Spoel          Peter Tieleman      
      Carsten Uphoff             Jon Vincent             Teemu Virolainen     
    Christian Wennberg     Sebastian Wingbermühle         Maarten Wolf       
      Artem Zhmurov       

                  Coordinated by the GROMACS project leaders:
                           Berk Hess and Erik Lindahl

GROMACS:      gmx mdrun, version 2027.0-dev-20260313-96057cfc41-unknown
Executable:   /home/tapio/repositories/GROMACS-wts/PoCL-ACpp/build_acpp/install/bin/gmx
Data prefix:  /home/tapio/repositories/GROMACS-wts/PoCL-ACpp/build_acpp/install
Working dir:  /home/tapio/repositories/GROMACS-Samples/OneDrive-2025-05-30/Benchmark_Inputs/Version_1
Process ID:   355630
Command line:
  gmx mdrun -s rnase_cubic-pme.tpr -ntmpi 1 -ntomp 1 -pin on -nb gpu -pme gpu -bonded gpu -update gpu -nsteps 300 -nobackup -noconfout -notunepme -resethway -g /home/tapio/repositories/GROMACS-Samples/ACpp-bench-LLVM22-LUPU-loopvec/rnase_cubic/PME-fGPU-R1 -v

GROMACS version:     2027.0-dev-20260313-96057cfc41-unknown
GIT SHA1 hash:       96057cfc4106faf022ac519112c851bb73279efa
Branched from:       unknown
Precision:           mixed
Memory model:        64 bit
MPI library:         thread_mpi
MPI version:         built in
OpenMP support:      disabled
GPU support:         SYCL (AdaptiveCpp)
NBNxM GPU setup:     super-cluster 2x2x2 / cluster 8 (cluster-pair splitting on)
SIMD instructions:   AVX2_256
CPU FFT library:     fftw-3.3.10-sse2-avx-avx2-avx2_128
GPU FFT library:     none / unknown
Multi-GPU FFT:       none
RDTSCP:              enabled
TNG support:         enabled
Hwloc support:       disabled
Tracing support:     disabled
Colvars support:     enabled (version 2025-10-13)
CP2K support:        disabled
Torch support:       disabled
Plumed support:      enabled
C compiler:          /usr/bin/clang-20 Clang 20.1.8
C compiler flags:    -mavx2 -mfma -Wno-unknown-pragmas -Wall -Wno-unused -Wunused-value -Wunused-parameter -Wpointer-arith -Wshadow-all -Wno-missing-field-initializers -O3 -DNDEBUG
C++ compiler:        /home/tapio/repositories/AdaptiveCpp-wts/disable-optimizations/build_20_sysLLVM/install/bin/acpp Clang 20.1.8
C++ compiler flags:  -mavx2 -mfma -Wall -Wextra -Wpointer-arith -Wmissing-prototypes -Wpedantic -Wdeprecated -Wshadow-all -Wno-unused-function -Wno-unknown-pragmas -Wno-reserved-identifier -Wno-missing-field-initializers -Weverything -Wno-c++98-compat -Wno-c++98-compat-pedantic -Wno-source-uses-openmp -Wno-c++17-extensions -Wno-documentation-unknown-command -Wno-covered-switch-default -Wno-switch-enum -Wno-switch-default -Wno-extra-semi-stmt -Wno-weak-vtables -Wno-shadow -Wno-padded -Wno-reserved-id-macro -Wno-double-promotion -Wno-exit-time-destructors -Wno-global-constructors -Wno-documentation -Wno-format-nonliteral -Wno-used-but-marked-unused -Wno-float-equal -Wno-cuda-compat -Wno-conditional-uninitialized -Wno-conversion -Wno-disabled-macro-expansion -Wno-unused-macros -Wno-unsafe-buffer-usage -Wno-cast-function-type-strict -O3 -DNDEBUG
BLAS library:        Internal
LAPACK library:      Internal
SYCL version:        AdaptiveCpp 25.10.0+git.50c4c5e7.20260220.branch.disable-optimizations
SYCL compiler:       /home/tapio/repositories/AdaptiveCpp-wts/disable-optimizations/build_20_sysLLVM/install/lib/cmake/AdaptiveCpp/syclcc-launcher
SYCL compiler flags: -Wno-unknown-cuda-version -Wno-unknown-attributes  --acpp-targets="generic" --acpp-clang=/home/tapio/repositories/AdaptiveCpp-wts/disable-optimizations/build_20_sysLLVM/install/bin/acpp
SYCL GPU flags:      -ffast-math -DHIPSYCL_ALLOW_INSTANT_SUBMISSION=1 -DACPP_ALLOW_INSTANT_SUBMISSION=1 -fgpu-inline-threshold=99999 -Wno-deprecated-declarations
SYCL targets:        generic


Running on 1 node with total 96 cores, 96 processing units, 1 compatible GPU
Hardware detected on host lupu:
  CPU info:
    Vendor: AMD
    Brand:  AMD EPYC 7643 48-Core Processor                
    Family: 25   Model: 1   Stepping: 1
    Features: aes amd apic avx avx2 clfsh cmov cx8 cx16 f16c fma htt lahf misalignsse mmx msr nonstop_tsc pcid pclmuldq pdpe1gb popcnt pse rdrnd rdtscp sha sse2 sse3 sse4a sse4.1 sse4.2 ssse3
  Hardware topology: Basic
    Packages, cores, and logical processors:
    [indices refer to OS logical processors]
      Package  0: [   0] [   1] [   2] [   3] [   4] [   5] [   6] [   7] [   8] [   9] [  10] [  11] [  12] [  13] [  14] [  15] [  16] [  17] [  18] [  19] [  20] [  21] [  22] [  23] [  24] [  25] [  26] [  27] [  28] [  29] [  30] [  31] [  32] [  33] [  34] [  35] [  36] [  37] [  38] [  39] [  40] [  41] [  42] [  43] [  44] [  45] [  46] [  47]
      Package  1: [  48] [  49] [  50] [  51] [  52] [  53] [  54] [  55] [  56] [  57] [  58] [  59] [  60] [  61] [  62] [  63] [  64] [  65] [  66] [  67] [  68] [  69] [  70] [  71] [  72] [  73] [  74] [  75] [  76] [  77] [  78] [  79] [  80] [  81] [  82] [  83] [  84] [  85] [  86] [  87] [  88] [  89] [  90] [  91] [  92] [  93] [  94] [  95]
    CPU limit set by OS: -1   Recommended max number of threads: 96
  GPU info:
    Number of GPUs detected: 2
    #0: name: AdaptiveCpp OpenMP host device, vendor: the AdaptiveCpp project, device version: <native-cpu>, driver version: 1.2, status: incompatible (please recompile with correct GMX_GPU_NB_CLUSTER_SIZE)
    #1: name: cpu-znver3-AMD EPYC 7643 48-Core Processor, vendor: cpu-znver3-AMD EPYC 7643 48-Core Processor, device version: OpenCL OpenCL C 1.2 PoCL, driver version: 7.2-pre loopvec-next-0-g9fb05978f, status: compatible


++++ PLEASE READ AND CITE THE FOLLOWING REFERENCE ++++
M. J. Abraham, T. Murtola, R. Schulz, S. Páll, J. C. Smith, B. Hess, E.
Lindahl
GROMACS: High performance molecular simulations through multi-level
parallelism from laptops to supercomputers
SoftwareX (2015)
https://doi.org/10.1016/j.softx.2015.06.001
-------- -------- --- Thank You --- -------- --------


++++ PLEASE READ AND CITE THE FOLLOWING REFERENCE ++++
S. Páll, M. J. Abraham, C. Kutzner, B. Hess, E. Lindahl
Tackling Exascale Software Challenges in Molecular Dynamics Simulations with
GROMACS
In S. Markidis & E. Laure (Eds.), Solving Software Challenges for Exascale (2015)
https://doi.org/10.1007/978-3-319-15976-8_1
-------- -------- --- Thank You --- -------- --------


++++ PLEASE READ AND CITE THE FOLLOWING REFERENCE ++++
S. Pronk, S. Páll, R. Schulz, P. Larsson, P. Bjelkmar, R. Apostolov, M. R.
Shirts, J. C. Smith, P. M. Kasson, D. van der Spoel, B. Hess, E. Lindahl
GROMACS 4.5: a high-throughput and highly parallel open source molecular
simulation toolkit
Bioinformatics (2013)
https://doi.org/10.1093/bioinformatics/btt055
-------- -------- --- Thank You --- -------- --------


++++ PLEASE READ AND CITE THE FOLLOWING REFERENCE ++++
B. Hess, C. Kutzner, D. van der Spoel, E. Lindahl
GROMACS 4: Algorithms for highly efficient, load-balanced, and scalable
molecular simulation
J. Chem. Theory Comput. (2008)
https://doi.org/10.1021/ct700301q
-------- -------- --- Thank You --- -------- --------


++++ PLEASE READ AND CITE THE FOLLOWING REFERENCE ++++
D. van der Spoel, E. Lindahl, B. Hess, G. Groenhof, A. E. Mark, H. J. C.
Berendsen
GROMACS: Fast, Flexible and Free
J. Comp. Chem. (2005)
https://doi.org/10.1002/jcc.20291
-------- -------- --- Thank You --- -------- --------


++++ PLEASE READ AND CITE THE FOLLOWING REFERENCE ++++
E. Lindahl, B. Hess, D. van der Spoel
GROMACS 3.0: A package for molecular simulation and trajectory analysis
J. Mol. Mod. (2001)
https://doi.org/10.1007/s008940100045
-------- -------- --- Thank You --- -------- --------


++++ PLEASE READ AND CITE THE FOLLOWING REFERENCE ++++
H. J. C. Berendsen, D. van der Spoel and R. van Drunen
GROMACS: A message-passing parallel molecular dynamics implementation
Comp. Phys. Comm. (1995)
https://doi.org/10.1016/0010-4655(95)00042-E
-------- -------- --- Thank You --- -------- --------

Input Parameters:
   integrator                     = md
   tinit                          = 0
   dt                             = 0.002
   nsteps                         = 10000
   init-step                      = 0
   simulation-part                = 1
   mts                            = false
   mass-repartition-factor        = 1
   comm-mode                      = Linear
   nstcomm                        = 100
   bd-fric                        = 0
   ld-seed                        = -614056003
   emtol                          = 10
   emstep                         = 0.01
   niter                          = 20
   fcstep                         = 0
   nstcgsteep                     = 1000
   nbfgscorr                      = 10
   rtpi                           = 0.05
   nstxout                        = 0
   nstvout                        = 0
   nstfout                        = 0
   nstlog                         = 0
   nstcalcenergy                  = 100
   nstenergy                      = 500
   nstxout-compressed             = 0
   compressed-x-precision         = 1000
   cutoff-scheme                  = Verlet
   nstlist                        = 10
   pbc                            = xyz
   periodic-molecules             = false
   verlet-buffer-tolerance        = 0.005
   verlet-buffer-pressure-tolerance = 0.5
   rlist                          = 0.902
   coulombtype                    = PME
   coulomb-modifier               = Potential-shift
   rcoulomb-switch                = 0
   rcoulomb                       = 0.9
   epsilon-r                      = 1
   epsilon-rf                     = inf
   vdw-type                       = Cut-off
   vdw-modifier                   = Potential-shift
   rvdw-switch                    = 0
   rvdw                           = 0.9
   DispCorr                       = No
   table-extension                = 1
   fourierspacing                 = 0.1125
   fourier-nx                     = 56
   fourier-ny                     = 56
   fourier-nz                     = 56
   pme-order                      = 4
   ewald-rtol                     = 1e-05
   ewald-rtol-lj                  = 0.001
   lj-pme-comb-rule               = Geometric
   ewald-geometry                 = 3d
   epsilon-surface                = 0
   ensemble-temperature-setting   = constant
   ensemble-temperature           = 300
   tcoupl                         = V-rescale
   nsttcouple                     = 10
   nh-chain-length                = 0
   print-nose-hoover-chain-variables = false
   pcoupl                         = No
   refcoord-scaling               = No
   posres-com (0x3):
   posres-comB (0x3):
   QMMM                           = false
qm-opts:
   ngQM                           = 0
   constraint-algorithm           = Lincs
   continuation                   = false
   Shake-SOR                      = false
   shake-tol                      = 0.0001
   lincs-order                    = 4
   lincs-iter                     = 1
   lincs-warnangle                = 30
   nwall                          = 0
   wall-type                      = 9-3
   wall-r-linpot                  = -1
   wall-atomtype[0]               = -1
   wall-atomtype[1]               = -1
   wall-density[0]                = 0
   wall-density[1]                = 0
   wall-ewald-zfac                = 3
   pull                           = false
   awh                            = false
   rotation                       = false
   interactiveMD                  = false
   disre                          = No
   disre-weighting                = Conservative
   disre-mixed                    = false
   dr-fc                          = 1000
   dr-tau                         = 0
   nstdisreout                    = 100
   orire-fc                       = 0
   orire-tau                      = 0
   nstorireout                    = 100
   free-energy                    = no
   cos-acceleration               = 0
   deform (3x3):
      deform[    0]={ 0.00000e+00,  0.00000e+00,  0.00000e+00}
      deform[    1]={ 0.00000e+00,  0.00000e+00,  0.00000e+00}
      deform[    2]={ 0.00000e+00,  0.00000e+00,  0.00000e+00}
   simulated-tempering            = false
   swapcoords                     = no
   userint1                       = 0
   userint2                       = 0
   userint3                       = 0
   userint4                       = 0
   userreal1                      = 0
   userreal2                      = 0
   userreal3                      = 0
   userreal4                      = 0
   applied-forces:
     electric-field:
       x:
         E0                       = 0
         omega                    = 0
         t0                       = 0
         sigma                    = 0
       y:
         E0                       = 0
         omega                    = 0
         t0                       = 0
         sigma                    = 0
       z:
         E0                       = 0
         omega                    = 0
         t0                       = 0
         sigma                    = 0
     density-guided-simulation:
       active                     = false
       group                      = protein
       similarity-measure         = inner-product
       atom-spreading-weight      = unity
       force-constant             = 1e+09
       gaussian-transform-spreading-width = 0.2
       gaussian-transform-spreading-range-in-multiples-of-width = 4
       reference-density-filename = reference.mrc
       nst                        = 1
       normalize-densities        = true
       adaptive-force-scaling     = false
       adaptive-force-scaling-time-constant = 4
       shift-vector               = 
       transformation-matrix      = 
     qmmm-cp2k:
       active                     = false
       qmgroup                    = System
       qmmethod                   = PBE
       qmfilenames                = 
       qmcharge                   = 0
       qmmultiplicity             = 1
     colvars:
       active                     = false
       configfile                 = 
       seed                       = -1
grpopts:
   nrdf:       49110
   ref-t:         300
   tau-t:         0.1
annealing:          No
annealing-npoints:           0
   acc:	           0           0           0
   nfreeze:           N           N           N
   energygrp-flags[  0]: 0

The -nsteps functionality is deprecated, and may be removed in a future version. Consider using gmx convert-tpr -nsteps or changing the appropriate .mdp file field.

Overriding nsteps with value passed on the command line: 300 steps, 0.6 ps
Changing nstlist from 10 to 80, rlist from 0.902 to 1.046


When checking whether update groups are usable:
  Domain decomposition is not active, so there is no need for update groups

Local state does not use filler particles

1 GPU selected for this run.
Mapping of GPU IDs to the 2 GPU tasks in the 1 rank on this node:
  PP:1,PME:1
PP tasks will do non-perturbed short-ranged and most bonded interactions on the GPU
PP task will update and constrain coordinates on the GPU
PME tasks will do only spread and gather on the GPU
Using 1 MPI thread

You are using the following feature(s) which are partially, but not fully validated. Please check your results. If you find issues, report them on the GROMACS forum or at https://gitlab.com/gromacs/gromacs/-/issues
  AdaptiveCpp SYCL GPU backend on a non-AMD platform
System total charge: 0.000
Will do PME sum in reciprocal space for electrostatic interactions.

++++ PLEASE READ AND CITE THE FOLLOWING REFERENCE ++++
U. Essmann, L. Perera, M. L. Berkowitz, T. Darden, H. Lee, L. G. Pedersen 
A smooth particle mesh Ewald method
J. Chem. Phys. (1995)
https://doi.org/10.1063/1.470117
-------- -------- --- Thank You --- -------- --------

Using a Gaussian width (1/beta) of 0.288146 nm for Ewald
Potential shift: LJ r^-12: -3.541e+00 r^-6: -1.882e+00, Ewald -1.111e-05
Initialized non-bonded Coulomb Ewald tables, spacing: 8.85e-04 size: 1018

Generated table with 1023 data points for 1-4 COUL.
Tabscale = 500 points/nm
Generated table with 1023 data points for 1-4 LJ6.
Tabscale = 500 points/nm
Generated table with 1023 data points for 1-4 LJ12.
Tabscale = 500 points/nm


Using GPU 8x4 nonbonded short-range kernels

NBNxM GPU setup: super-cluster 2x2x2

Using a dual 8x4 pair-list setup updated with dynamic, rolling pruning:
  outer list: updated every 80 steps, buffer 0.146 nm, rlist 1.046 nm
  inner list: updated every  6 steps, buffer 0.002 nm, rlist 0.902 nm
At tolerance 0.005 kJ/mol/ps per atom, equivalent classical 1x1 list would be:
  outer list: updated every 80 steps, buffer 0.279 nm, rlist 1.179 nm
  inner list: updated every  6 steps, buffer 0.020 nm, rlist 0.920 nm

The average pressure is off by at most 0.51 bar due to missing LJ interactions

Using Lorentz-Berthelot Lennard-Jones combination rule
Removing pbc first time

Pinning threads with an auto-selected logical cpu stride of 1

Initializing LINear Constraint Solver

++++ PLEASE READ AND CITE THE FOLLOWING REFERENCE ++++
B. Hess, H. Bekker, H. J. C. Berendsen, J. G. E. M. Fraaije
LINCS: A Linear Constraint Solver for molecular simulations
J. Comp. Chem. (1997)
https://doi.org/10.1002/(sici)1096-987x(199709)18:12<1463::aid-jcc4>3.0.co;2-h
-------- -------- --- Thank You --- -------- --------

The number of constraints is 999

++++ PLEASE READ AND CITE THE FOLLOWING REFERENCE ++++
S. Miyamoto, P. A. Kollman
SETTLE: An Analytical Version of the SHAKE and RATTLE Algorithms for Rigid
Water Models
J. Comp. Chem. (1992)
https://doi.org/10.1002/jcc.540130805
-------- -------- --- Thank You --- -------- --------


The -noconfout functionality is deprecated, and may be removed in a future version.

++++ PLEASE READ AND CITE THE FOLLOWING REFERENCE ++++
G. Bussi, D. Donadio, M. Parrinello
Canonical sampling through velocity rescaling
J. Chem. Phys. (2007)
https://doi.org/10.1063/1.2408420
-------- -------- --- Thank You --- -------- --------

There are: 24040 Atoms

Updating coordinates and applying constraints on the GPU.

Constraining the starting coordinates (step 0)

Constraining the coordinates at t0-dt (step 0)
Center of mass motion removal mode is Linear
We have the following groups for center of mass motion removal:
  0:  rest
RMS relative constraint deviation after constraining: 2.66e-06
Initial temperature: 291.406 K

Started mdrun on rank 0 Mon Mar 16 20:35:38 2026


The -resethway functionality is deprecated, and may be removed in a future version.
           Step           Time
              0        0.00000

   Energies (kJ/mol)
           Bond          Angle    Proper Dih. Per. Imp. Dih.          LJ-14
    2.84634e+01    4.44083e+03    5.70370e+03    2.49923e+02    1.99161e+03
     Coulomb-14        LJ (SR)   Coulomb (SR)   Coul. recip.      Potential
    1.65414e+04    4.16604e+04   -3.84141e+05    3.38784e+03   -3.10136e+05
    Kinetic En.   Total Energy  Conserved En.    Temperature Pressure (bar)
    6.00127e+04   -2.50124e+05   -2.50124e+05    2.93947e+02    5.94466e+02
   Constr. rmsd
    2.66390e-06


step 150: resetting all time and cycle counters
Restarted time on rank 0 Mon Mar 16 20:36:34 2026

           Step           Time
            300        0.60000

   Energies (kJ/mol)
           Bond          Angle    Proper Dih. Per. Imp. Dih.          LJ-14
    1.33203e+03    3.93249e+03    5.62034e+03    2.53166e+02    1.78067e+03
     Coulomb-14        LJ (SR)   Coulomb (SR)   Coul. recip.      Potential
    1.58164e+04    4.18865e+04   -3.82805e+05    3.57822e+03   -3.08605e+05
    Kinetic En.   Total Energy  Conserved En.    Temperature Pressure (bar)
    6.17741e+04   -2.46831e+05   -2.50088e+05    3.02575e+02   -9.53016e+01
   Constr. rmsd
    2.66390e-06


Energy conservation over simulation part #1 of length 0.6 ps, time 0 to 0.6 ps
  Conserved energy drift: 2.45e-03 kJ/mol/ps per atom


	<======  ###############  ==>
	<====  A V E R A G E S  ====>
	<==  ###############  ======>

	Statistics over 301 steps using 4 frames

   Energies (kJ/mol)
           Bond          Angle    Proper Dih. Per. Imp. Dih.          LJ-14
    9.37803e+02    4.07424e+03    5.58977e+03    2.44521e+02    1.86337e+03
     Coulomb-14        LJ (SR)   Coulomb (SR)   Coul. recip.      Potential
    1.60371e+04    4.21439e+04   -3.83597e+05    3.50659e+03   -3.09200e+05
    Kinetic En.   Total Energy  Conserved En.    Temperature Pressure (bar)
    6.11325e+04   -2.48068e+05   -2.50112e+05    2.99432e+02    1.71067e+02
   Constr. rmsd
    0.00000e+00

   Total Virial (kJ/mol)
    1.87476e+04   -2.64170e+02    5.14183e+02
   -2.64194e+02    2.00778e+04    6.36496e+02
    5.14103e+02    6.36514e+02    1.84862e+04

   Pressure (bar)
    2.24671e+02    2.81606e+01   -6.46724e+01
    2.81639e+01    3.69597e+01   -9.85493e+01
   -6.46616e+01   -9.85518e+01    2.51570e+02


	M E G A - F L O P S   A C C O U N T I N G

 NB=Group-cutoff nonbonded kernels    NxN=N-by-N cluster Verlet kernels
 RF=Reaction-Field  VdW=Van der Waals  QSTab=quadratic-spline table
 W3=SPC/TIP3p  W4=TIP4p (single or pairs)
 V&F=Potential and force  V=Potential only  F=Force only

 Computing:                               M-Number         M-Flops  % Flops
-----------------------------------------------------------------------------
 Pair Search distance check               4.130192          37.172     0.0
 NxN Ewald Elec. + LJ [F]              2693.394944      177764.066    97.8
 NxN Ewald Elec. + LJ [V&F]              36.159680        3869.086     2.1
 Shift-X                                  0.048080           0.288     0.0
 Virial                                   0.048170           0.867     0.0
 Stop-CM                                  0.048080           0.481     0.0
 Calc-Ekin                                0.745240          20.121     0.0
-----------------------------------------------------------------------------
 Total                                                  181692.082   100.0
-----------------------------------------------------------------------------


      R E A L   C Y C L E   A N D   T I M E   A C C O U N T I N G

On 1 MPI rank

 Activity:              Num   Num      Call    Wall time         Giga-Cycles
                        Ranks Threads  Count      (s)         total sum    %
--------------------------------------------------------------------------------
 Neighbor search           1    1          2       0.018          0.041   0.0
 Launch PP GPU ops.        1    1        300       0.049          0.113   0.1
 Force                     1    1        151       0.001          0.002   0.0
 PME GPU mesh              1    1        151      45.693        105.094  81.2
 PME wait for PP                                  10.584         24.343  18.8
 Wait Bonded GPU           1    1          2       0.060          0.139   0.1
 Wait GPU NB local         1    1        151       0.000          0.000   0.0
 Wait GPU state copy       1    1         41      10.441         24.013  18.6
 NB X/F buffer ops.        1    1          2       0.001          0.002   0.0
 Kinetic energy            1    1         31       0.008          0.019   0.0
--------------------------------------------------------------------------------
 Total                                            56.277        129.436 100.0
--------------------------------------------------------------------------------
 Breakdown of PME mesh activities
--------------------------------------------------------------------------------
 Wait PME GPU D2H          1    1        151      44.153        101.551  78.5
 PME 3D-FFT                1    1        302       0.368          0.848   0.7
 PME solve                 1    1        151       0.042          0.097   0.1
 Wait PME GPU gather       1    1        151       1.098          2.525   2.0
 Reduce GPU PME F          1    1        151       0.000          0.001   0.0
 Launch PME GPU ops.       1    1        755       0.029          0.066   0.1
--------------------------------------------------------------------------------

               Core t (s)   Wall t (s)        (%)
       Time:       56.276       56.277      100.0
                 (ns/day)    (hour/ns)    (ms/step)  (Matom*steps/s) 
Performance:        0.464       51.763      372.694            0.065 
Finished mdrun on rank 0 Mon Mar 16 20:37:30 2026

