      :-) GROMACS - gmx mdrun, 2027.0-dev-20260313-96057cfc41-unknown (-:

Copyright 1991-2027 The GROMACS Authors.
GROMACS is free software; you can redistribute it and/or modify it
under the terms of the GNU Lesser General Public License
as published by the Free Software Foundation; either version 2.1
of the License, or (at your option) any later version.

                         Current GROMACS contributors:
       Mark Abraham           Andrey Alekseenko           Brian Andrews       
        Paul Bauer              Cathrine Bergh              Hugh Bird         
      Eliane Briand               Ania Brown                Yiqi Chen         
      Mahesh Doijade            Giacomo Fiorin          Stefan Fleischmann    
      Sergey Gorelov         Gilles Gouaillardet            Alan Gray         
   Farzaneh Jalalypour         Petter Johansson          Carsten Kutzner      
    Grzegorz Łazarski         Justin A. Lemkul          Magnus Lundborg      
        Julio Maia               Pascal Merz             Vedran Miletić      
      Dmitry Morozov           Lukas Müllender           Szilárd Páll      
 Andrea Pasquadibisceglie     Michele Pellegrino         Nicola Piasentin     
     Daniele Rapetti         Muhammad Umair Sadiq         Hubert Santuz       
      Michael Shirts           Tatiana Shugaeva          Alexey Shvetsov      
     Bálint Soproni            Philip Turner            Alessandra Villa     
        Yang Zhang        

                         Previous GROMACS contributors:
        Emile Apol             Rossen Apostolov           James Barnett       
      Vladimir Basov        Herman J.C. Berendsen         Pär Bjelkmar       
      Christian Blau          Viacheslav Bolnykh            Kevin Boyd        
    Aldert van Buuren          Carlo Camilloni           Rudi van Drunen      
      Anton Feenstra           Oliver Fleetwood            Vytas Gapsys       
       Gaurav Garg             Gerrit Groenhof            Bert de Groot       
      Anca Hamuraru           Vincent Hindriksen          Victor Holanda      
     M. Eric Irrgang           Aleksei Iupinov              Joe Jordan        
    Christoph Junghans        Prashanth Kanduri        Dimitrios Karkoulis    
       Peter Kasson             Sebastian Kehl           Sebastian Keller     
        Jiri Kraus               Per Larsson              Viveca Lindahl      
      Erik Marklund           Pieter Meulenhoff           Teemu Murtola       
       Julien Nabet              Sander Pronk             Roland Schulz       
      Alfons Sijbers         David van der Spoel          Peter Tieleman      
      Carsten Uphoff             Jon Vincent             Teemu Virolainen     
    Christian Wennberg     Sebastian Wingbermühle         Maarten Wolf       
      Artem Zhmurov       

                  Coordinated by the GROMACS project leaders:
                           Berk Hess and Erik Lindahl

GROMACS:      gmx mdrun, version 2027.0-dev-20260313-96057cfc41-unknown
Executable:   /home/tapio/milkv-vault/repositories/gromacs-wts/PoCL-ACpp/build-OpenMPI-vec/install/bin/gmx_mpi
Data prefix:  /home/tapio/milkv-vault/repositories/gromacs-wts/PoCL-ACpp/build-OpenMPI-vec/install
Working dir:  /home/tapio/milkv-vault/repositories/GROMACS-Samples/OneDrive-2025-05-30/Benchmark_Inputs/Version_1
Process ID:   46744
Command line:
  gmx_mpi mdrun -s grappa-0001.5-pme.tpr -npme 1 -ntomp 1 -pin on -nb gpu -pme gpu -bonded cpu -update cpu -nsteps 512 -nobackup -noconfout -notunepme -resethway -g /home/tapio/milkv-vault/repositories/GROMACS-Samples/ACpp-bench-LLVM-19-Neptune/grappa-0001.5/PME-pGPU-R4 -v

GROMACS version:     2027.0-dev-20260313-96057cfc41-unknown
GIT SHA1 hash:       96057cfc4106faf022ac519112c851bb73279efa
Branched from:       unknown
Precision:           mixed
Memory model:        64 bit
MPI library:         MPI
MPI version:         Open MPI v4.1.6, package: Debian OpenMPI, ident: 4.1.6, repo rev: v4.1.6, Sep 30, 2023
OpenMP support:      disabled
GPU support:         SYCL (AdaptiveCpp)
NBNxM GPU setup:     super-cluster 2x2x2 / cluster 8 (cluster-pair splitting on)
SIMD instructions:   None
CPU FFT library:     fftw-3.3.10
GPU FFT library:     none / unknown
Multi-GPU FFT:       none
TNG support:         enabled
Hwloc support:       disabled
Tracing support:     disabled
Colvars support:     enabled (version 2025-10-13)
CP2K support:        disabled
Torch support:       disabled
Plumed support:      enabled
C compiler:          /usr/bin/clang-19 Clang 19.1.1
C compiler flags:    -Wno-unknown-pragmas -Wall -Wno-unused -Wunused-value -Wunused-parameter -Wpointer-arith -Wshadow-all -Wno-missing-field-initializers -O3 -DNDEBUG
C++ compiler:        /home/tapio/milkv-vault/repositories/AdaptiveCpp-wts/disable-optimizations/build-llvm19/install/bin/acpp Clang 19.1.1
C++ compiler flags:  -Wall -Wextra -Wpointer-arith -Wmissing-prototypes -Wpedantic -Wdeprecated -Wshadow-all -Wno-unused-function -Wno-unknown-pragmas -Wno-reserved-identifier -Wno-missing-field-initializers -Weverything -Wno-c++98-compat -Wno-c++98-compat-pedantic -Wno-source-uses-openmp -Wno-c++17-extensions -Wno-documentation-unknown-command -Wno-covered-switch-default -Wno-switch-enum -Wno-switch-default -Wno-extra-semi-stmt -Wno-weak-vtables -Wno-shadow -Wno-padded -Wno-reserved-id-macro -Wno-double-promotion -Wno-exit-time-destructors -Wno-global-constructors -Wno-documentation -Wno-format-nonliteral -Wno-used-but-marked-unused -Wno-float-equal -Wno-cuda-compat -Wno-conditional-uninitialized -Wno-conversion -Wno-disabled-macro-expansion -Wno-unused-macros -Wno-unsafe-buffer-usage -Wno-old-style-cast -Wno-cast-qual -Wno-suggest-override -Wno-suggest-destructor-override -Wno-zero-as-null-pointer-constant -Wno-cast-function-type-strict -O3 -DNDEBUG
BLAS library:        Internal
LAPACK library:      Internal
SYCL version:        AdaptiveCpp 25.10.0+git.50c4c5e7.20260220.branch.disable-optimizations
SYCL compiler:       /home/tapio/milkv-vault/repositories/AdaptiveCpp-wts/disable-optimizations/build-llvm19/install/lib/cmake/AdaptiveCpp/syclcc-launcher
SYCL compiler flags: -Wno-unknown-cuda-version -Wno-unknown-attributes  --acpp-clang=/home/tapio/milkv-vault/repositories/AdaptiveCpp-wts/disable-optimizations/build-llvm19/install/bin/acpp
SYCL GPU flags:      -ffast-math -DHIPSYCL_ALLOW_INSTANT_SUBMISSION=1 -DACPP_ALLOW_INSTANT_SUBMISSION=1 -fgpu-inline-threshold=99999 -Wno-deprecated-declarations
SYCL targets:        


Running on 1 node with total 4 cores, 8 processing units, 1 compatible GPU
Hardware detected on host neptune (the node of MPI rank 0):
  CPU info:
    Vendor: RISC-V 64
    Brand:  Unknown CPU brand
    Family: 0   Model: 0   Stepping: 0
    Features:
  Hardware topology: Basic
    Packages, cores, and logical processors:
    [indices refer to OS logical processors]
      Package  0: [   0   4] [   1   5] [   2   6] [   3   7]
    CPU limit set by OS: -1   Recommended max number of threads: 8
  GPU info:
    Number of GPUs detected: 2
    #0: name: AdaptiveCpp OpenMP host device, vendor: the AdaptiveCpp project, device version: <native-cpu>, driver version: 1.2, status: incompatible (please recompile with correct GMX_GPU_NB_CLUSTER_SIZE)
    #1: name: cpu-spacemit-x60-Spacemit(R) X60, vendor: cpu-spacemit-x60-Spacemit(R) X60, device version: OpenCL OpenCL C 1.2 PoCL, driver version: 7.2-pre loopvec-next-0-g7d8964833, status: compatible


++++ PLEASE READ AND CITE THE FOLLOWING REFERENCE ++++
M. J. Abraham, T. Murtola, R. Schulz, S. Páll, J. C. Smith, B. Hess, E.
Lindahl
GROMACS: High performance molecular simulations through multi-level
parallelism from laptops to supercomputers
SoftwareX (2015)
https://doi.org/10.1016/j.softx.2015.06.001
-------- -------- --- Thank You --- -------- --------


++++ PLEASE READ AND CITE THE FOLLOWING REFERENCE ++++
S. Páll, M. J. Abraham, C. Kutzner, B. Hess, E. Lindahl
Tackling Exascale Software Challenges in Molecular Dynamics Simulations with
GROMACS
In S. Markidis & E. Laure (Eds.), Solving Software Challenges for Exascale (2015)
https://doi.org/10.1007/978-3-319-15976-8_1
-------- -------- --- Thank You --- -------- --------


++++ PLEASE READ AND CITE THE FOLLOWING REFERENCE ++++
S. Pronk, S. Páll, R. Schulz, P. Larsson, P. Bjelkmar, R. Apostolov, M. R.
Shirts, J. C. Smith, P. M. Kasson, D. van der Spoel, B. Hess, E. Lindahl
GROMACS 4.5: a high-throughput and highly parallel open source molecular
simulation toolkit
Bioinformatics (2013)
https://doi.org/10.1093/bioinformatics/btt055
-------- -------- --- Thank You --- -------- --------


++++ PLEASE READ AND CITE THE FOLLOWING REFERENCE ++++
B. Hess, C. Kutzner, D. van der Spoel, E. Lindahl
GROMACS 4: Algorithms for highly efficient, load-balanced, and scalable
molecular simulation
J. Chem. Theory Comput. (2008)
https://doi.org/10.1021/ct700301q
-------- -------- --- Thank You --- -------- --------


++++ PLEASE READ AND CITE THE FOLLOWING REFERENCE ++++
D. van der Spoel, E. Lindahl, B. Hess, G. Groenhof, A. E. Mark, H. J. C.
Berendsen
GROMACS: Fast, Flexible and Free
J. Comp. Chem. (2005)
https://doi.org/10.1002/jcc.20291
-------- -------- --- Thank You --- -------- --------


++++ PLEASE READ AND CITE THE FOLLOWING REFERENCE ++++
E. Lindahl, B. Hess, D. van der Spoel
GROMACS 3.0: A package for molecular simulation and trajectory analysis
J. Mol. Mod. (2001)
https://doi.org/10.1007/s008940100045
-------- -------- --- Thank You --- -------- --------


++++ PLEASE READ AND CITE THE FOLLOWING REFERENCE ++++
H. J. C. Berendsen, D. van der Spoel and R. van Drunen
GROMACS: A message-passing parallel molecular dynamics implementation
Comp. Phys. Comm. (1995)
https://doi.org/10.1016/0010-4655(95)00042-E
-------- -------- --- Thank You --- -------- --------

Input Parameters:
   integrator                     = md
   tinit                          = 0
   dt                             = 0.002
   nsteps                         = 10000
   init-step                      = 0
   simulation-part                = 1
   mts                            = false
   mass-repartition-factor        = 1
   comm-mode                      = Linear
   nstcomm                        = 100
   bd-fric                        = 0
   ld-seed                        = -1850000262
   emtol                          = 10
   emstep                         = 0.01
   niter                          = 20
   fcstep                         = 0
   nstcgsteep                     = 1000
   nbfgscorr                      = 10
   rtpi                           = 0.05
   nstxout                        = 0
   nstvout                        = 0
   nstfout                        = 0
   nstlog                         = 0
   nstcalcenergy                  = 500
   nstenergy                      = 500
   nstxout-compressed             = 0
   compressed-x-precision         = 1000
   cutoff-scheme                  = Verlet
   nstlist                        = 10
   pbc                            = xyz
   periodic-molecules             = false
   verlet-buffer-tolerance        = 0.005
   verlet-buffer-pressure-tolerance = 0.5
   rlist                          = 0.903
   coulombtype                    = PME
   coulomb-modifier               = Potential-shift
   rcoulomb-switch                = 0
   rcoulomb                       = 0.9
   epsilon-r                      = 1
   epsilon-rf                     = inf
   vdw-type                       = Cut-off
   vdw-modifier                   = Potential-shift
   rvdw-switch                    = 0
   rvdw                           = 0.9
   DispCorr                       = No
   table-extension                = 1
   fourierspacing                 = 0.1125
   fourier-nx                     = 24
   fourier-ny                     = 24
   fourier-nz                     = 24
   pme-order                      = 4
   ewald-rtol                     = 1e-05
   ewald-rtol-lj                  = 0.001
   lj-pme-comb-rule               = Geometric
   ewald-geometry                 = 3d
   epsilon-surface                = 0
   ensemble-temperature-setting   = constant
   ensemble-temperature           = 300
   tcoupl                         = V-rescale
   nsttcouple                     = 100
   nh-chain-length                = 0
   print-nose-hoover-chain-variables = false
   pcoupl                         = No
   refcoord-scaling               = No
   posres-com (0x3):
   posres-comB (0x3):
   QMMM                           = false
qm-opts:
   ngQM                           = 0
   constraint-algorithm           = Lincs
   continuation                   = false
   Shake-SOR                      = false
   shake-tol                      = 0.0001
   lincs-order                    = 4
   lincs-iter                     = 1
   lincs-warnangle                = 30
   nwall                          = 0
   wall-type                      = 9-3
   wall-r-linpot                  = -1
   wall-atomtype[0]               = -1
   wall-atomtype[1]               = -1
   wall-density[0]                = 0
   wall-density[1]                = 0
   wall-ewald-zfac                = 3
   pull                           = false
   awh                            = false
   rotation                       = false
   interactiveMD                  = false
   disre                          = No
   disre-weighting                = Conservative
   disre-mixed                    = false
   dr-fc                          = 1000
   dr-tau                         = 0
   nstdisreout                    = 100
   orire-fc                       = 0
   orire-tau                      = 0
   nstorireout                    = 100
   free-energy                    = no
   cos-acceleration               = 0
   deform (3x3):
      deform[    0]={ 0.00000e+00,  0.00000e+00,  0.00000e+00}
      deform[    1]={ 0.00000e+00,  0.00000e+00,  0.00000e+00}
      deform[    2]={ 0.00000e+00,  0.00000e+00,  0.00000e+00}
   simulated-tempering            = false
   swapcoords                     = no
   userint1                       = 0
   userint2                       = 0
   userint3                       = 0
   userint4                       = 0
   userreal1                      = 0
   userreal2                      = 0
   userreal3                      = 0
   userreal4                      = 0
   applied-forces:
     electric-field:
       x:
         E0                       = 0
         omega                    = 0
         t0                       = 0
         sigma                    = 0
       y:
         E0                       = 0
         omega                    = 0
         t0                       = 0
         sigma                    = 0
       z:
         E0                       = 0
         omega                    = 0
         t0                       = 0
         sigma                    = 0
     density-guided-simulation:
       active                     = false
       group                      = protein
       similarity-measure         = inner-product
       atom-spreading-weight      = unity
       force-constant             = 1e+09
       gaussian-transform-spreading-width = 0.2
       gaussian-transform-spreading-range-in-multiples-of-width = 4
       reference-density-filename = reference.mrc
       nst                        = 1
       normalize-densities        = true
       adaptive-force-scaling     = false
       adaptive-force-scaling-time-constant = 4
       shift-vector               = 
       transformation-matrix      = 
     qmmm-cp2k:
       active                     = false
       qmgroup                    = System
       qmmethod                   = PBE
       qmfilenames                = 
       qmcharge                   = 0
       qmmultiplicity             = 1
     colvars:
       active                     = false
       configfile                 = 
       seed                       = -1
grpopts:
   nrdf:        3072
   ref-t:         300
   tau-t:           1
annealing:          No
annealing-npoints:           0
   acc:	           0           0           0
   nfreeze:           N           N           N
   energygrp-flags[  0]: 0

The -nsteps functionality is deprecated, and may be removed in a future version. Consider using gmx convert-tpr -nsteps or changing the appropriate .mdp file field.

Overriding nsteps with value passed on the command line: 512 steps, 1.02 ps
Changing nstlist from 10 to 80, rlist from 0.903 to 1.072


When checking whether update groups are usable:
  The combination of rlist and box size prohibits the use of update groups

GPU-aware MPI was not detected, will not use direct GPU communication. Check the GROMACS install guide for recommendations for GPU-aware support. If you are certain about GPU-aware support in your MPI library, you can force its use by setting the GMX_FORCE_GPU_AWARE_MPI environment variable.

Initializing Domain Decomposition on 4 ranks
Dynamic load balancing: auto
Minimum cell size due to atom displacement: 0.609 nm
Initial maximum distances in bonded interactions:
    two-body bonded interactions: 0.350 nm, LJ-14, atoms 40 44
  multi-body bonded interactions: 0.350 nm, Ryckaert-Bell., atoms 40 44
Minimum cell size due to bonded interactions: 0.385 nm
Maximum distance for 5 constraints, at 120 deg. angles, all-trans: 0.218 nm
Estimated maximum distance required for P-LINCS: 0.218 nm
Scaling the initial minimum size with 1/0.8 (option -dds) = 1.25
Using 1 separate PME ranks, as requested with -npme option
Optimizing the DD grid for 3 cells with a minimum initial size of 0.761 nm
The maximum allowed number of cells is: X 3 Y 3 Z 3
Domain decomposition grid 3 x 1 x 1, separate PME ranks 1
PME domain decomposition: 1 x 1 x 1
Interleaving PP and PME ranks
This rank does only particle-particle work.
Domain decomposition rank 0, coordinates 0 0 0

The initial number of communication pulses is: X 2
The initial domain decomposition cell size is: X 0.82 nm

The maximum allowed distance for atoms involved in interactions is:
                 non-bonded interactions           1.072 nm
            two-body bonded interactions  (-rdd)   1.072 nm
          multi-body bonded interactions  (-rdd)   0.822 nm
  atoms separated by up to 5 constraints  (-rcon)  0.822 nm

When dynamic load balancing gets turned on, these settings will change to:
The maximum number of communication pulses is: X 2
The minimum size for domain decomposition cells is 0.609 nm
The requested allowed shrink of DD cells (option -dds) is: 0.80
The allowed shrink of domain decomposition cells is: X 0.74
The maximum allowed distance for atoms involved in interactions is:
                 non-bonded interactions           1.072 nm
            two-body bonded interactions  (-rdd)   1.072 nm
          multi-body bonded interactions  (-rdd)   0.609 nm
  atoms separated by up to 5 constraints  (-rcon)  0.609 nm

Local state does not use filler particles

On host neptune 1 GPU selected for this run.
Mapping of GPU IDs to the 4 GPU tasks in the 4 ranks on this node:
  PP:1,PP:1,PP:1,PME:1
PP tasks will do non-perturbed short-ranged interactions on the GPU
PP task will update and constrain coordinates on the CPU
PME tasks will do only spread and gather on the GPU
Using 4 MPI processes

You are using the following feature(s) which are experimental. We do not recommend this for production simulations. Check your results. If you find issues, report them on the GROMACS forum or at https://gitlab.com/gromacs/gromacs/-/issues
  non-bonded kernel vectorization

You are using the following feature(s) which are partially, but not fully validated. Please check your results. If you find issues, report them on the GROMACS forum or at https://gitlab.com/gromacs/gromacs/-/issues
  AdaptiveCpp SYCL GPU backend on a non-AMD platform
System total charge: -0.000
Will do PME sum in reciprocal space for electrostatic interactions.

++++ PLEASE READ AND CITE THE FOLLOWING REFERENCE ++++
U. Essmann, L. Perera, M. L. Berkowitz, T. Darden, H. Lee, L. G. Pedersen 
A smooth particle mesh Ewald method
J. Chem. Phys. (1995)
https://doi.org/10.1063/1.470117
-------- -------- --- Thank You --- -------- --------

Using a Gaussian width (1/beta) of 0.288146 nm for Ewald
Potential shift: LJ r^-12: -3.541e+00 r^-6: -1.882e+00, Ewald -1.111e-05
Initialized non-bonded Coulomb Ewald tables, spacing: 8.85e-04 size: 1018

Generated table with 1036 data points for 1-4 COUL.
Tabscale = 500 points/nm
Generated table with 1036 data points for 1-4 LJ6.
Tabscale = 500 points/nm
Generated table with 1036 data points for 1-4 LJ12.
Tabscale = 500 points/nm


Using GPU 8x4 nonbonded short-range kernels

NBNxM GPU setup: super-cluster 2x2x2

Using a dual 8x4 pair-list setup updated with dynamic, rolling pruning:
  outer list: updated every 80 steps, buffer 0.172 nm, rlist 1.072 nm
  inner list: updated every  6 steps, buffer 0.002 nm, rlist 0.902 nm
At tolerance 0.005 kJ/mol/ps per atom, equivalent classical 1x1 list would be:
  outer list: updated every 80 steps, buffer 0.291 nm, rlist 1.191 nm
  inner list: updated every  6 steps, buffer 0.019 nm, rlist 0.919 nm

The average pressure is off by at most 0.57 bar due to missing LJ interactions

Using Geometric Lennard-Jones combination rule
Removing pbc first time

Linking all bonded interactions to atoms


Pinning threads with an auto-selected logical cpu stride of 2

Initializing Parallel LINear Constraint Solver

++++ PLEASE READ AND CITE THE FOLLOWING REFERENCE ++++
B. Hess
P-LINCS: A Parallel Linear Constraint Solver for molecular simulation
J. Chem. Theory Comput. (2008)
https://doi.org/10.1021/ct700200b
-------- -------- --- Thank You --- -------- --------

The number of constraints is 150
There are constraints between atoms in different decomposition domains,
will communicate selected coordinates each lincs iteration

++++ PLEASE READ AND CITE THE FOLLOWING REFERENCE ++++
S. Miyamoto, P. A. Kollman
SETTLE: An Analytical Version of the SHAKE and RATTLE Algorithms for Rigid
Water Models
J. Comp. Chem. (1992)
https://doi.org/10.1002/jcc.540130805
-------- -------- --- Thank You --- -------- --------


The -noconfout functionality is deprecated, and may be removed in a future version.

Intra-simulation communication will occur every 100 steps.

++++ PLEASE READ AND CITE THE FOLLOWING REFERENCE ++++
G. Bussi, D. Donadio, M. Parrinello
Canonical sampling through velocity rescaling
J. Chem. Phys. (2007)
https://doi.org/10.1063/1.2408420
-------- -------- --- Thank You --- -------- --------

There are: 1500 Atoms
Atom distribution over 3 domains: av 500 stddev 12 min 487 max 516

Constraining the starting coordinates (step 0)

Constraining the coordinates at t0-dt (step 0)
Center of mass motion removal mode is Linear
We have the following groups for center of mass motion removal:
  0:  rest
RMS relative constraint deviation after constraining: 3.73e-06
Initial temperature: 299.087 K

Started mdrun on rank 0 Mon Mar 23 17:46:35 2026


The -resethway functionality is deprecated, and may be removed in a future version.
           Step           Time
              0        0.00000

   Energies (kJ/mol)
           Bond          Angle Ryckaert-Bell.          LJ-14     Coulomb-14
    5.13140e+01    2.84826e+02    5.56206e+01    1.49085e+01   -6.84022e+02
        LJ (SR)   Coulomb (SR)   Coul. recip.      Potential    Kinetic En.
    3.64295e+03   -2.37427e+04    1.82943e+02   -2.01942e+04    3.80717e+03
   Total Energy  Conserved En.    Temperature Pressure (bar)   Constr. rmsd
   -1.63870e+04   -1.63870e+04    2.98110e+02    3.28056e+01    3.81491e-06


DD  step 79 load imb.: force  1.4%  pme mesh/force 0.933

step 256: resetting all time and cycle counters
Restarted time on rank 0 Mon Mar 23 17:47:00 2026


DD  step 479 load imb.: force  0.0%  pme mesh/force 0.799
           Step           Time
            512        1.02400

   Energies (kJ/mol)
           Bond          Angle Ryckaert-Bell.          LJ-14     Coulomb-14
    5.24153e+01    3.47639e+02    2.49773e+01    1.28227e+01   -7.17775e+02
        LJ (SR)   Coulomb (SR)   Coul. recip.      Potential    Kinetic En.
    3.80557e+03   -2.40282e+04    1.96243e+02   -2.03063e+04    3.98333e+03
   Total Energy  Conserved En.    Temperature Pressure (bar)   Constr. rmsd
   -1.63229e+04   -1.63837e+04    3.11904e+02    1.01689e+03    4.66460e-06


Energy conservation over simulation part #1 of length 1.024 ps, time 0 to 1.024 ps
  Conserved energy drift: 2.16e-03 kJ/mol/ps per atom


	<======  ###############  ==>
	<====  A V E R A G E S  ====>
	<==  ###############  ======>

	Statistics over 513 steps using 2 frames

   Energies (kJ/mol)
           Bond          Angle Ryckaert-Bell.          LJ-14     Coulomb-14
    6.67454e+01    3.06501e+02    4.17681e+01    1.28404e+01   -6.95850e+02
        LJ (SR)   Coulomb (SR)   Coul. recip.      Potential    Kinetic En.
    3.60070e+03   -2.38017e+04    1.80638e+02   -2.02884e+04    3.91030e+03
   Total Energy  Conserved En.    Temperature Pressure (bar)   Constr. rmsd
   -1.63781e+04   -1.63854e+04    3.06186e+02   -1.09775e+02    0.00000e+00

   Total Virial (kJ/mol)
    1.28241e+03   -7.43489e+01    4.99227e+01
   -7.43103e+01    1.37962e+03   -4.04864e+01
    4.99673e+01   -4.04661e+01    1.39682e+03

   Pressure (bar)
    1.05228e+02    1.98186e+02   -2.63025e+01
    1.98101e+02   -1.50183e+02    1.48630e+02
   -2.64012e+01    1.48585e+02   -2.84372e+02


	M E G A - F L O P S   A C C O U N T I N G

 NB=Group-cutoff nonbonded kernels    NxN=N-by-N cluster Verlet kernels
 RF=Reaction-Field  VdW=Van der Waals  QSTab=quadratic-spline table
 W3=SPC/TIP3p  W4=TIP4p (single or pairs)
 V&F=Potential and force  V=Potential only  F=Force only

 Computing:                               M-Number         M-Flops  % Flops
-----------------------------------------------------------------------------
 Pair Search distance check               0.249566           2.246     0.0
 NxN Ewald Elec. + LJ [F]               329.336448       21736.206    98.3
 NxN Ewald Elec. + LJ [V&F]               2.585344         276.632     1.3
 1,4 nonbonded interactions               0.077100           6.939     0.0
 Reset In Box                             0.004500           0.013     0.0
 CG-CoM                                   0.004500           0.013     0.0
 Bonds                                    0.012850           0.758     0.0
 Angles                                   0.083525          14.032     0.1
 RB-Dihedrals                             0.077100          19.044     0.1
 Virial                                   0.003270           0.059     0.0
 Stop-CM                                  0.004500           0.045     0.0
 Calc-Ekin                                0.012000           0.324     0.0
 Lincs                                    0.041037           2.462     0.0
 Lincs-Mat                                0.329184           1.317     0.0
 Constraint-V                             0.456444           4.108     0.0
 Constraint-Vir                           0.003230           0.078     0.0
 Settle                                   0.124790          46.172     0.2
-----------------------------------------------------------------------------
 Total                                                   22110.448   100.0
-----------------------------------------------------------------------------


    D O M A I N   D E C O M P O S I T I O N   S T A T I S T I C S

 av. #atoms communicated per step for force:  2 x 1958.0
 av. #atoms communicated per step for LINCS:  2 x 201.7


Dynamic load balancing report:
 DLB was off during the run due to low measured imbalance.
 Average load imbalance: 0.0%.
 The balanceable part of the MD step is 50%, load imbalance is computed from this.
 Part of the total run time spent waiting due to load imbalance: 0.0%.
 Average PME mesh/force load: 0.797
 Part of the total run time spent waiting due to PP/PME imbalance: 4.9 %


      R E A L   C Y C L E   A N D   T I M E   A C C O U N T I N G

On 3 MPI ranks doing PP, and
on 1 MPI rank doing PME

 Activity:              Num   Num      Call    Wall time         Giga-Cycles
                        Ranks Threads  Count      (s)         total sum    %
--------------------------------------------------------------------------------
 Domain decomp.            3    1          3       0.008          0.001   0.0
 DD comm. load             3    1          2       0.000          0.000   0.0
 Send X to PME             3    1        257       0.052          0.004   0.2
 Neighbor search           3    1          3       0.008          0.001   0.0
 Launch PP GPU ops.        3    1        768       0.822          0.059   2.6
 Comm. coord.              3    1        254       0.062          0.004   0.2
 Force                     3    1        257       0.089          0.006   0.3
 Wait + Comm. F            3    1        257       0.516          0.037   1.6
 PME GPU mesh *            1    1        257      18.422          0.442  19.3
 PME wait for PP *                                 5.380          0.129   5.6
 Wait + Recv. PME F        3    1        257       0.041          0.003   0.1
 Wait GPU NB nonloc.       3    1        257       0.240          0.017   0.8
 Wait GPU NB local         3    1        257       0.001          0.000   0.0
 Wait GPU state copy       3    1        510      21.828          1.572  68.8
 NB X/F buffer ops.        3    1          7       0.000          0.000   0.0
 Update                    3    1        257       0.012          0.001   0.0
 Constraints               3    1        257       0.095          0.007   0.3
 Kinetic energy            3    1          8       0.000          0.000   0.0
 Comm. energies            3    1          4       0.003          0.000   0.0
 Rest                                              0.029          0.002   0.1
--------------------------------------------------------------------------------
 Total                                            23.807          2.285 100.0
--------------------------------------------------------------------------------
(*) Note that with separate PME ranks, the walltime column actually sums to
    twice the total reported, but the cycle count total and % are correct.
--------------------------------------------------------------------------------
 Breakdown of PME mesh activities
--------------------------------------------------------------------------------
 Wait PME GPU D2H          1    1        257      11.751          0.282  12.3
 PME 3D-FFT                1    1        514       0.481          0.012   0.5
 PME solve                 1    1        257       0.154          0.004   0.2
 Wait PME GPU gather       1    1        257       5.678          0.136   6.0
 Launch PME GPU ops.       1    1       1285       0.371          0.009   0.4
--------------------------------------------------------------------------------
 Note that the cycle count and % columns are weighted by the number of ranks,
 while walltimes are not. Hence, with separate PME ranks, the fraction of each
 activity's walltime does not correspond to the cycle %.
--------------------------------------------------------------------------------

               Core t (s)   Wall t (s)        (%)
       Time:       95.203       23.807      399.9
                 (ns/day)    (hour/ns)    (ms/step)  (Matom*steps/s) 
Performance:        1.865       12.866       92.633            0.016 
Finished mdrun on rank 0 Mon Mar 23 17:47:24 2026

